Component: ARM Compiler 5.06 update 7 (build 960) Tool: armlink [4d3601]

==============================================================================

Section Cross References

    startup_stm32g431xx.o(STACK) refers (Special) to heapauxi.o(.text) for __use_two_region_memory
    startup_stm32g431xx.o(HEAP) refers (Special) to heapauxi.o(.text) for __use_two_region_memory
    startup_stm32g431xx.o(RESET) refers (Special) to heapauxi.o(.text) for __use_two_region_memory
    startup_stm32g431xx.o(RESET) refers to startup_stm32g431xx.o(STACK) for __initial_sp
    startup_stm32g431xx.o(RESET) refers to startup_stm32g431xx.o(.text) for Reset_Handler
    startup_stm32g431xx.o(RESET) refers to stm32g4xx_it.o(i.NMI_Handler) for NMI_Handler
    startup_stm32g431xx.o(RESET) refers to stm32g4xx_it.o(i.HardFault_Handler) for HardFault_Handler
    startup_stm32g431xx.o(RESET) refers to stm32g4xx_it.o(i.MemManage_Handler) for MemManage_Handler
    startup_stm32g431xx.o(RESET) refers to stm32g4xx_it.o(i.BusFault_Handler) for BusFault_Handler
    startup_stm32g431xx.o(RESET) refers to stm32g4xx_it.o(i.UsageFault_Handler) for UsageFault_Handler
    startup_stm32g431xx.o(RESET) refers to stm32g4xx_it.o(i.SVC_Handler) for SVC_Handler
    startup_stm32g431xx.o(RESET) refers to stm32g4xx_it.o(i.DebugMon_Handler) for DebugMon_Handler
    startup_stm32g431xx.o(RESET) refers to stm32g4xx_it.o(i.PendSV_Handler) for PendSV_Handler
    startup_stm32g431xx.o(RESET) refers to stm32g4xx_it.o(i.SysTick_Handler) for SysTick_Handler
    startup_stm32g431xx.o(RESET) refers to stm32g4xx_it.o(i.EXTI0_IRQHandler) for EXTI0_IRQHandler
    startup_stm32g431xx.o(RESET) refers to stm32g4xx_it.o(i.DMA1_Channel1_IRQHandler) for DMA1_Channel1_IRQHandler
    startup_stm32g431xx.o(RESET) refers to stm32g4xx_it.o(i.DMA1_Channel2_IRQHandler) for DMA1_Channel2_IRQHandler
    startup_stm32g431xx.o(RESET) refers to stm32g4xx_it.o(i.DMA1_Channel3_IRQHandler) for DMA1_Channel3_IRQHandler
    startup_stm32g431xx.o(RESET) refers to stm32g4xx_it.o(i.DMA1_Channel4_IRQHandler) for DMA1_Channel4_IRQHandler
    startup_stm32g431xx.o(RESET) refers to stm32g4xx_it.o(i.DMA1_Channel5_IRQHandler) for DMA1_Channel5_IRQHandler
    startup_stm32g431xx.o(RESET) refers to stm32g4xx_it.o(i.DMA1_Channel6_IRQHandler) for DMA1_Channel6_IRQHandler
    startup_stm32g431xx.o(RESET) refers to stm32g4xx_it.o(i.ADC1_2_IRQHandler) for ADC1_2_IRQHandler
    startup_stm32g431xx.o(RESET) refers to stm32g4xx_it.o(i.EXTI9_5_IRQHandler) for EXTI9_5_IRQHandler
    startup_stm32g431xx.o(RESET) refers to stm32g4xx_it.o(i.TIM2_IRQHandler) for TIM2_IRQHandler
    startup_stm32g431xx.o(RESET) refers to stm32g4xx_it.o(i.USART1_IRQHandler) for USART1_IRQHandler
    startup_stm32g431xx.o(RESET) refers to stm32g4xx_it.o(i.UART4_IRQHandler) for UART4_IRQHandler
    startup_stm32g431xx.o(RESET) refers to stm32g4xx_it.o(i.I2C3_EV_IRQHandler) for I2C3_EV_IRQHandler
    startup_stm32g431xx.o(.text) refers (Special) to heapauxi.o(.text) for __use_two_region_memory
    startup_stm32g431xx.o(.text) refers to system_stm32g4xx.o(i.SystemInit) for SystemInit
    startup_stm32g431xx.o(.text) refers to __main.o(!!!main) for __main
    startup_stm32g431xx.o(.text) refers to startup_stm32g431xx.o(HEAP) for Heap_Mem
    startup_stm32g431xx.o(.text) refers to startup_stm32g431xx.o(STACK) for Stack_Mem
    main.o(i.HAL_ADCEx_InjectedConvCpltCallback) refers to decoder_foc.o(i.Decoder_FOC_step) for Decoder_FOC_step
    main.o(i.HAL_ADCEx_InjectedConvCpltCallback) refers to dfixu.o(x$fpl$dfixu) for __aeabi_d2uiz
    main.o(i.HAL_ADCEx_InjectedConvCpltCallback) refers to decoder0.o(i.Decoder_Step) for Decoder_Step
    main.o(i.HAL_ADCEx_InjectedConvCpltCallback) refers to d2f.o(x$fpl$d2f) for __aeabi_d2f
    main.o(i.HAL_ADCEx_InjectedConvCpltCallback) refers to rt_memcpy_w.o(.text) for __aeabi_memcpy4
    main.o(i.HAL_ADCEx_InjectedConvCpltCallback) refers to stm32g4xx_hal_uart.o(i.HAL_UART_Transmit_DMA) for HAL_UART_Transmit_DMA
    main.o(i.HAL_ADCEx_InjectedConvCpltCallback) refers to stm32g4xx_hal_uart.o(i.HAL_UART_Transmit) for HAL_UART_Transmit
    main.o(i.HAL_ADCEx_InjectedConvCpltCallback) refers to adc.o(.bss) for hadc1
    main.o(i.HAL_ADCEx_InjectedConvCpltCallback) refers to main.o(.data) for ADC_offset
    main.o(i.HAL_ADCEx_InjectedConvCpltCallback) refers to decoder_foc.o(.bss) for rtU
    main.o(i.HAL_ADCEx_InjectedConvCpltCallback) refers to decoder0.o(.bss) for rtDWW
    main.o(i.HAL_ADCEx_InjectedConvCpltCallback) refers to decoder_foc.o(.data) for spd_PI
    main.o(i.HAL_ADCEx_InjectedConvCpltCallback) refers to main.o(.bss) for temp
    main.o(i.HAL_ADCEx_InjectedConvCpltCallback) refers to usart.o(.bss) for huart1
    main.o(i.HAL_GPIO_EXTI_Callback) refers to stm32g4xx_hal_tim.o(i.HAL_TIM_PWM_Stop) for HAL_TIM_PWM_Stop
    main.o(i.HAL_GPIO_EXTI_Callback) refers to stm32g4xx_hal_tim_ex.o(i.HAL_TIMEx_PWMN_Stop) for HAL_TIMEx_PWMN_Stop
[...]
    USART3_IRQHandler                        0x080002af   Thumb Code     0  startup_stm32g431xx.o(.text)
    USBWakeUp_IRQHandler                     0x080002af   Thumb Code     0  startup_stm32g431xx.o(.text)
    USB_HP_IRQHandler                        0x080002af   Thumb Code     0  startup_stm32g431xx.o(.text)
    USB_LP_IRQHandler                        0x080002af   Thumb Code     0  startup_stm32g431xx.o(.text)
    WWDG_IRQHandler                          0x080002af   Thumb Code     0  startup_stm32g431xx.o(.text)
    __user_initial_stackheap                 0x080002b1   Thumb Code     0  startup_stm32g431xx.o(.text)
    __aeabi_uldivmod                         0x080002d5   Thumb Code     0  lludivv7m.o(.text)
    _ll_udiv                                 0x080002d5   Thumb Code   238  lludivv7m.o(.text)
    __0sscanf                                0x080003c5   Thumb Code    52  __0sscanf.o(.text)
    __aeabi_memcpy                           0x08000401   Thumb Code     0  rt_memcpy_v6.o(.text)
    __rt_memcpy                              0x08000401   Thumb Code   138  rt_memcpy_v6.o(.text)
    _memcpy_lastbytes                        0x08000467   Thumb Code     0  rt_memcpy_v6.o(.text)
    __aeabi_memcpy4                          0x0800048b   Thumb Code     0  rt_memcpy_w.o(.text)
    __aeabi_memcpy8                          0x0800048b   Thumb Code     0  rt_memcpy_w.o(.text)
    __rt_memcpy_w                            0x0800048b   Thumb Code   100  rt_memcpy_w.o(.text)
    _memcpy_lastbytes_aligned                0x080004d3   Thumb Code     0  rt_memcpy_w.o(.text)
    __aeabi_memclr4                          0x080004ef   Thumb Code     0  rt_memclr_w.o(.text)
    __aeabi_memclr8                          0x080004ef   Thumb Code     0  rt_memclr_w.o(.text)
    __rt_memclr_w                            0x080004ef   Thumb Code    78  rt_memclr_w.o(.text)
    _memset_w                                0x080004f3   Thumb Code     0  rt_memclr_w.o(.text)
    __use_two_region_memory                  0x0800053d   Thumb Code     2  heapauxi.o(.text)
    __rt_heap_escrow$2region                 0x0800053f   Thumb Code     2  heapauxi.o(.text)
    __rt_heap_expand$2region                 0x08000541   Thumb Code     2  heapauxi.o(.text)
    __read_errno                             0x08000543   Thumb Code    10  _rserrno.o(.text)
    __set_errno                              0x0800054d   Thumb Code    12  _rserrno.o(.text)
    _scanf_really_real                       0x080007a5   Thumb Code   684  scanf_fp.o(.text)
    __vfscanf_char                           0x08000a5d   Thumb Code    24  scanf_char.o(.text)
    _sgetc                                   0x08000a7d   Thumb Code    30  _sgetc.o(.text)
    _sbackspace                              0x08000a9b   Thumb Code    34  _sgetc.o(.text)
    __rt_locale                              0x08000abd   Thumb Code     8  rt_locale_intlibspace.o(.text)
    __aeabi_errno_addr                       0x08000ac5   Thumb Code     8  rt_errno_addr_intlibspace.o(.text)
    __errno$intlibspace                      0x08000ac5   Thumb Code     0  rt_errno_addr_intlibspace.o(.text)
    __rt_errno_addr$intlibspace              0x08000ac5   Thumb Code     0  rt_errno_addr_intlibspace.o(.text)
    isspace                                  0x08000acd   Thumb Code    18  isspace.o(.text)
    __vfscanf                                0x08000ae1   Thumb Code   880  _scanf.o(.text)
    _btod_etento                             0x08000e55   Thumb Code   224  bigflt0.o(.text)
    __user_libspace                          0x08000f39   Thumb Code     8  libspace.o(.text)
    __user_perproc_libspace                  0x08000f39   Thumb Code     0  libspace.o(.text)
    __user_perthread_libspace                0x08000f39   Thumb Code     0  libspace.o(.text)
    __user_setup_stackheap                   0x08000f41   Thumb Code    74  sys_stackheap_outer.o(.text)
    __rt_ctype_table                         0x08000f8d   Thumb Code    16  rt_ctype_table.o(.text)
    _scanf_really_hex_real                   0x08000f9d   Thumb Code   786  scanf_hexfp.o(.text)
    _scanf_really_infnan                     0x080012bd   Thumb Code   292  scanf_infnan.o(.text)
    exit                                     0x080013f1   Thumb Code    18  exit.o(.text)
    strcmp                                   0x08001405   Thumb Code   128  strcmpv7m.o(.text)
    __aeabi_llsl                             0x08001485   Thumb Code     0  llshl.o(.text)
    _ll_shift_l                              0x08001485   Thumb Code    38  llshl.o(.text)
    _chval                                   0x080014ab   Thumb Code    28  _chval.o(.text)
    _sys_exit                                0x080014c9   Thumb Code     8  sys_exit.o(.text)
    __I$use$semihosting                      0x080014d5   Thumb Code     0  use_no_semi.o(.text)
    __use_no_semihosting_swi                 0x080014d5   Thumb Code     2  use_no_semi.o(.text)
    __btod_div_common                        0x080014d7   Thumb Code   696  btod.o(CL$$btod_div_common)
    __semihosting_library_function           0x080014d7   Thumb Code     0  indicate_semi.o(.text)
    _e2d                                     0x08001811   Thumb Code   122  btod.o(CL$$btod_e2d)
    _e2e                                     0x08001895   Thumb Code   220  btod.o(CL$$btod_e2e)
    _btod_ediv                               0x08001971   Thumb Code    42  btod.o(CL$$btod_ediv)
    _btod_edivd                              0x0800199b   Thumb Code    42  btod.o(CL$$btod_edivd)
    _btod_emul                               0x080019c5   Thumb Code    42  btod.o(CL$$btod_emul)
    _btod_emuld                              0x080019ef   Thumb Code    42  btod.o(CL$$btod_emuld)
    __btod_mult_common                       0x08001a19   Thumb Code   580  btod.o(CL$$btod_mult_common)
    ADC1_2_IRQHandler                        0x08001c5d   Thumb Code    16  stm32g4xx_it.o(i.ADC1_2_IRQHandler)
    ADC_Disable                              0x08001c75   Thumb Code   142  stm32g4xx_hal_adc.o(i.ADC_Disable)
    ADC_Enable                               0x08001d09   Thumb Code   182  stm32g4xx_hal_adc.o(i.ADC_Enable)
    BusFault_Handler                         0x08001dd1   Thumb Code     4  stm32g4xx_it.o(i.BusFault_Handler)
    DMA1_Channel1_IRQHandler                 0x08001dd5   Thumb Code    10  stm32g4xx_it.o(i.DMA1_Channel1_IRQHandler)
    DMA1_Channel2_IRQHandler                 0x08001de5   Thumb Code    10  stm32g4xx_it.o(i.DMA1_Channel2_IRQHandler)
    DMA1_Channel3_IRQHandler                 0x08001df5   Thumb Code    10  stm32g4xx_it.o(i.DMA1_Channel3_IRQHandler)
    DMA1_Channel4_IRQHandler                 0x08001e05   Thumb Code    10  stm32g4xx_it.o(i.DMA1_Channel4_IRQHandler)
    DMA1_Channel5_IRQHandler                 0x08001e15   Thumb Code    10  stm32g4xx_it.o(i.DMA1_Channel5_IRQHandler)
    DMA1_Channel6_IRQHandler                 0x08001e25   Thumb Code    10  stm32g4xx_it.o(i.DMA1_Channel6_IRQHandler)
    DebugMon_Handler                         0x08001edd   Thumb Code     2  stm32g4xx_it.o(i.DebugMon_Handler)
    Decoder_FOC_initialize                   0x08001ee1   Thumb Code    32  decoder_foc.o(i.Decoder_FOC_initialize)
    Decoder_FOC_step                         0x08001f05   Thumb Code   746  decoder_foc.o(i.Decoder_FOC_step)
    Decoder_Step                             0x08002221   Thumb Code   278  decoder0.o(i.Decoder_Step)
    EXTI0_IRQHandler                         0x08002351   Thumb Code    10  stm32g4xx_it.o(i.EXTI0_IRQHandler)
    EXTI9_5_IRQHandler                       0x0800235b   Thumb Code    16  stm32g4xx_it.o(i.EXTI9_5_IRQHandler)
    Error_Handler                            0x0800236b   Thumb Code     6  main.o(i.Error_Handler)
    HAL_ADCEx_Calibration_Start              0x080023dd   Thumb Code   166  stm32g4xx_hal_adc_ex.o(i.HAL_ADCEx_Calibration_Start)
    HAL_ADCEx_EndOfSamplingCallback          0x0800248d   Thumb Code     2  stm32g4xx_hal_adc_ex.o(i.HAL_ADCEx_EndOfSamplingCallback)
    HAL_ADCEx_InjectedConfigChannel          0x08002491   Thumb Code  1540  stm32g4xx_hal_adc_ex.o(i.HAL_ADCEx_InjectedConfigChannel)
    HAL_ADCEx_InjectedConvCpltCallback       0x08002abd   Thumb Code   700  main.o(i.HAL_ADCEx_InjectedConvCpltCallback)
    HAL_ADCEx_InjectedQueueOverflowCallback  0x08002df5   Thumb Code     2  stm32g4xx_hal_adc_ex.o(i.HAL_ADCEx_InjectedQueueOverflowCallback)
    HAL_ADCEx_InjectedStart                  0x08002df9   Thumb Code   254  stm32g4xx_hal_adc_ex.o(i.HAL_ADCEx_InjectedStart)
    HAL_ADCEx_InjectedStart_IT               0x08002f01   Thumb Code   338  stm32g4xx_hal_adc_ex.o(i.HAL_ADCEx_InjectedStart_IT)
    HAL_ADCEx_LevelOutOfWindow2Callback      0x0800305d   Thumb Code     2  stm32g4xx_hal_adc_ex.o(i.HAL_ADCEx_LevelOutOfWindow2Callback)
    HAL_ADCEx_LevelOutOfWindow3Callback      0x0800305f   Thumb Code     2  stm32g4xx_hal_adc_ex.o(i.HAL_ADCEx_LevelOutOfWindow3Callback)
    HAL_ADCEx_MultiModeConfigChannel         0x08003061   Thumb Code   260  stm32g4xx_hal_adc_ex.o(i.HAL_ADCEx_MultiModeConfigChannel)
    HAL_ADC_ConfigChannel                    0x0800316d   Thumb Code  1252  stm32g4xx_hal_adc.o(i.HAL_ADC_ConfigChannel)
    HAL_ADC_ConvCpltCallback                 0x08003675   Thumb Code     2  stm32g4xx_hal_adc.o(i.HAL_ADC_ConvCpltCallback)
    HAL_ADC_ErrorCallback                    0x08003677   Thumb Code     2  stm32g4xx_hal_adc.o(i.HAL_ADC_ErrorCallback)
    HAL_ADC_IRQHandler                       0x08003679   Thumb Code   808  stm32g4xx_hal_adc.o(i.HAL_ADC_IRQHandler)
    HAL_ADC_Init                             0x080039a9   Thumb Code   576  stm32g4xx_hal_adc.o(i.HAL_ADC_Init)
    HAL_ADC_LevelOutOfWindowCallback         0x08003c05   Thumb Code     2  stm32g4xx_hal_adc.o(i.HAL_ADC_LevelOutOfWindowCallback)
    HAL_ADC_MspInit                          0x08003c09   Thumb Code   404  adc.o(i.HAL_ADC_MspInit)
    HAL_COMP_Init                            0x08003db1   Thumb Code   394  stm32g4xx_hal_comp.o(i.HAL_COMP_Init)
    HAL_COMP_MspInit                         0x08003f51   Thumb Code    74  comp.o(i.HAL_COMP_MspInit)
    HAL_DAC_ConfigChannel                    0x08003fa9   Thumb Code   598  stm32g4xx_hal_dac.o(i.HAL_DAC_ConfigChannel)
    HAL_DAC_Init                             0x08004209   Thumb Code    40  stm32g4xx_hal_dac.o(i.HAL_DAC_Init)
    HAL_DAC_MspInit                          0x08004231   Thumb Code   140  dac.o(i.HAL_DAC_MspInit)
    HAL_DMA_Abort                            0x080042c9   Thumb Code   118  stm32g4xx_hal_dma.o(i.HAL_DMA_Abort)
    HAL_DMA_Abort_IT                         0x0800433f   Thumb Code   148  stm32g4xx_hal_dma.o(i.HAL_DMA_Abort_IT)
    HAL_DMA_IRQHandler                       0x080043d3   Thumb Code   254  stm32g4xx_hal_dma.o(i.HAL_DMA_IRQHandler)
    HAL_DMA_Init                             0x080044d1   Thumb Code   200  stm32g4xx_hal_dma.o(i.HAL_DMA_Init)
    HAL_DMA_Start_IT                         0x080045a1   Thumb Code   194  stm32g4xx_hal_dma.o(i.HAL_DMA_Start_IT)
    HAL_FDCAN_Init                           0x08004665   Thumb Code   526  stm32g4xx_hal_fdcan.o(i.HAL_FDCAN_Init)
    HAL_FDCAN_MspInit                        0x0800487d   Thumb Code   136  fdcan.o(i.HAL_FDCAN_MspInit)
    HAL_GPIO_EXTI_Callback                   0x0800490d   Thumb Code   298  main.o(i.HAL_GPIO_EXTI_Callback)
    HAL_GPIO_EXTI_IRQHandler                 0x08004a65   Thumb Code    24  stm32g4xx_hal_gpio.o(i.HAL_GPIO_EXTI_IRQHandler)
    HAL_GPIO_Init                            0x08004a81   Thumb Code   428  stm32g4xx_hal_gpio.o(i.HAL_GPIO_Init)
    HAL_GPIO_WritePin                        0x08004c4d   Thumb Code    10  stm32g4xx_hal_gpio.o(i.HAL_GPIO_WritePin)
    HAL_GetTick                              0x08004c59   Thumb Code     6  stm32g4xx_hal.o(i.HAL_GetTick)
    HAL_I2CEx_ConfigAnalogFilter             0x08004c65   Thumb Code   106  stm32g4xx_hal_i2c_ex.o(i.HAL_I2CEx_ConfigAnalogFilter)
    HAL_I2CEx_ConfigDigitalFilter            0x08004ccf   Thumb Code   104  stm32g4xx_hal_i2c_ex.o(i.HAL_I2CEx_ConfigDigitalFilter)
    HAL_I2C_EV_IRQHandler                    0x08004d37   Thumb Code    28  stm32g4xx_hal_i2c.o(i.HAL_I2C_EV_IRQHandler)
    HAL_I2C_Init                             0x08004d55   Thumb Code   212  stm32g4xx_hal_i2c.o(i.HAL_I2C_Init)
    HAL_I2C_MspInit                          0x08004e2d   Thumb Code   262  i2c.o(i.HAL_I2C_MspInit)
    HAL_IncTick                              0x08004f4d   Thumb Code    16  stm32g4xx_hal.o(i.HAL_IncTick)
    HAL_Init                                 0x08004f65   Thumb Code    30  stm32g4xx_hal.o(i.HAL_Init)
    HAL_InitTick                             0x08004f85   Thumb Code    74  stm32g4xx_hal.o(i.HAL_InitTick)
    HAL_MspInit                              0x08004fdd   Thumb Code    62  stm32g4xx_hal_msp.o(i.HAL_MspInit)
    HAL_NVIC_EnableIRQ                       0x08005021   Thumb Code    40  stm32g4xx_hal_cortex.o(i.HAL_NVIC_EnableIRQ)
    HAL_NVIC_SetPriority                     0x08005049   Thumb Code   122  stm32g4xx_hal_cortex.o(i.HAL_NVIC_SetPriority)
    HAL_NVIC_SetPriorityGrouping             0x080050c5   Thumb Code    32  stm32g4xx_hal_cortex.o(i.HAL_NVIC_SetPriorityGrouping)
    HAL_OPAMP_Init                           0x080050ed   Thumb Code   330  stm32g4xx_hal_opamp.o(i.HAL_OPAMP_Init)
    HAL_OPAMP_MspInit                        0x08005241   Thumb Code   198  opamp.o(i.HAL_OPAMP_MspInit)
    HAL_OPAMP_Start                          0x08005315   Thumb Code    54  stm32g4xx_hal_opamp.o(i.HAL_OPAMP_Start)
    HAL_PWREx_ControlVoltageScaling          0x0800534d   Thumb Code   268  stm32g4xx_hal_pwr_ex.o(i.HAL_PWREx_ControlVoltageScaling)
    HAL_PWREx_DisableUCPDDeadBattery         0x08005465   Thumb Code    14  stm32g4xx_hal_pwr_ex.o(i.HAL_PWREx_DisableUCPDDeadBattery)
    HAL_RCCEx_PeriphCLKConfig                0x08005479   Thumb Code   872  stm32g4xx_hal_rcc_ex.o(i.HAL_RCCEx_PeriphCLKConfig)
    HAL_RCC_ClockConfig                      0x080057e9   Thumb Code   522  stm32g4xx_hal_rcc.o(i.HAL_RCC_ClockConfig)
    HAL_RCC_GetHCLKFreq                      0x08005a0d   Thumb Code     6  stm32g4xx_hal_rcc.o(i.HAL_RCC_GetHCLKFreq)
    HAL_RCC_GetPCLK1Freq                     0x08005a19   Thumb Code    26  stm32g4xx_hal_rcc.o(i.HAL_RCC_GetPCLK1Freq)
    HAL_RCC_GetPCLK2Freq                     0x08005a3d   Thumb Code    26  stm32g4xx_hal_rcc.o(i.HAL_RCC_GetPCLK2Freq)
    HAL_RCC_GetSysClockFreq                  0x08005a61   Thumb Code   138  stm32g4xx_hal_rcc.o(i.HAL_RCC_GetSysClockFreq)
    HAL_RCC_OscConfig                        0x08005af9   Thumb Code  1360  stm32g4xx_hal_rcc.o(i.HAL_RCC_OscConfig)
    HAL_SYSTICK_Config                       0x08006055   Thumb Code    52  stm32g4xx_hal_cortex.o(i.HAL_SYSTICK_Config)
    HAL_TIMEx_Break2Callback                 0x08006089   Thumb Code     2  stm32g4xx_hal_tim_ex.o(i.HAL_TIMEx_Break2Callback)
    HAL_TIMEx_BreakCallback                  0x0800608b   Thumb Code     2  stm32g4xx_hal_tim_ex.o(i.HAL_TIMEx_BreakCallback)
    HAL_TIMEx_CommutCallback                 0x0800608d   Thumb Code     2  stm32g4xx_hal_tim_ex.o(i.HAL_TIMEx_CommutCallback)
    HAL_TIMEx_ConfigBreakDeadTime            0x08006091   Thumb Code   192  stm32g4xx_hal_tim_ex.o(i.HAL_TIMEx_ConfigBreakDeadTime)
    HAL_TIMEx_ConfigBreakInput               0x08006159   Thumb Code   224  stm32g4xx_hal_tim_ex.o(i.HAL_TIMEx_ConfigBreakInput)
    HAL_TIMEx_DirectionChangeCallback        0x08006239   Thumb Code     2  stm32g4xx_hal_tim_ex.o(i.HAL_TIMEx_DirectionChangeCallback)
    HAL_TIMEx_EncoderIndexCallback           0x0800623b   Thumb Code     2  stm32g4xx_hal_tim_ex.o(i.HAL_TIMEx_EncoderIndexCallback)
    HAL_TIMEx_HallSensor_Init                0x0800623d   Thumb Code   234  stm32g4xx_hal_tim_ex.o(i.HAL_TIMEx_HallSensor_Init)
    HAL_TIMEx_HallSensor_MspInit             0x08006335   Thumb Code     2  stm32g4xx_hal_tim_ex.o(i.HAL_TIMEx_HallSensor_MspInit)
    HAL_TIMEx_IndexErrorCallback             0x08006337   Thumb Code     2  stm32g4xx_hal_tim_ex.o(i.HAL_TIMEx_IndexErrorCallback)
    HAL_TIMEx_MasterConfigSynchronization    0x08006339   Thumb Code   158  stm32g4xx_hal_tim_ex.o(i.HAL_TIMEx_MasterConfigSynchronization)
    HAL_TIMEx_PWMN_Start                     0x080063f1   Thumb Code   206  stm32g4xx_hal_tim_ex.o(i.HAL_TIMEx_PWMN_Start)
    HAL_TIMEx_PWMN_Stop                      0x080064d9   Thumb Code   136  stm32g4xx_hal_tim_ex.o(i.HAL_TIMEx_PWMN_Stop)
    HAL_TIMEx_TransitionErrorCallback        0x08006561   Thumb Code     2  stm32g4xx_hal_tim_ex.o(i.HAL_TIMEx_TransitionErrorCallback)
    HAL_TIM_Base_Init                        0x08006563   Thumb Code   110  stm32g4xx_hal_tim.o(i.HAL_TIM_Base_Init)
    HAL_TIM_Base_MspInit                     0x080065d1   Thumb Code   214  tim.o(i.HAL_TIM_Base_MspInit)
    HAL_TIM_Base_Start                       0x080066b5   Thumb Code   118  stm32g4xx_hal_tim.o(i.HAL_TIM_Base_Start)
    HAL_TIM_ConfigClockSource                0x08006745   Thumb Code   300  stm32g4xx_hal_tim.o(i.HAL_TIM_ConfigClockSource)
    HAL_TIM_Encoder_Start                    0x08006879   Thumb Code   204  stm32g4xx_hal_tim.o(i.HAL_TIM_Encoder_Start)
    HAL_TIM_IC_CaptureCallback               0x08006945   Thumb Code     2  main.o(i.HAL_TIM_IC_CaptureCallback)
    HAL_TIM_IRQHandler                       0x08006947   Thumb Code   544  stm32g4xx_hal_tim.o(i.HAL_TIM_IRQHandler)
    HAL_TIM_MspPostInit                      0x08006b69   Thumb Code   166  tim.o(i.HAL_TIM_MspPostInit)
    HAL_TIM_OC_DelayElapsedCallback          0x08006c1d   Thumb Code     2  stm32g4xx_hal_tim.o(i.HAL_TIM_OC_DelayElapsedCallback)
    HAL_TIM_PWM_ConfigChannel                0x08006c1f   Thumb Code   368  stm32g4xx_hal_tim.o(i.HAL_TIM_PWM_ConfigChannel)
    HAL_TIM_PWM_Init                         0x08006d8f   Thumb Code   110  stm32g4xx_hal_tim.o(i.HAL_TIM_PWM_Init)
    HAL_TIM_PWM_MspInit                      0x08006dfd   Thumb Code     2  stm32g4xx_hal_tim.o(i.HAL_TIM_PWM_MspInit)
    HAL_TIM_PWM_PulseFinishedCallback        0x08006dff   Thumb Code     2  stm32g4xx_hal_tim.o(i.HAL_TIM_PWM_PulseFinishedCallback)
    HAL_TIM_PWM_Start                        0x08006e01   Thumb Code   298  stm32g4xx_hal_tim.o(i.HAL_TIM_PWM_Start)
    HAL_TIM_PWM_Stop                         0x08006f4d   Thumb Code   208  stm32g4xx_hal_tim.o(i.HAL_TIM_PWM_Stop)
    HAL_TIM_PeriodElapsedCallback            0x08007031   Thumb Code     2  stm32g4xx_hal_tim.o(i.HAL_TIM_PeriodElapsedCallback)
    HAL_TIM_TriggerCallback                  0x08007033   Thumb Code     2  stm32g4xx_hal_tim.o(i.HAL_TIM_TriggerCallback)
    HAL_UARTEx_DisableFifoMode               0x08007035   Thumb Code    78  stm32g4xx_hal_uart_ex.o(i.HAL_UARTEx_DisableFifoMode)
    HAL_UARTEx_ReceiveToIdle_DMA             0x08007083   Thumb Code    98  stm32g4xx_hal_uart_ex.o(i.HAL_UARTEx_ReceiveToIdle_DMA)
    HAL_UARTEx_RxEventCallback               0x080070e5   Thumb Code   114  main.o(i.HAL_UARTEx_RxEventCallback)
    HAL_UARTEx_RxFifoFullCallback            0x0800717d   Thumb Code     2  stm32g4xx_hal_uart_ex.o(i.HAL_UARTEx_RxFifoFullCallback)
    HAL_UARTEx_SetRxFifoThreshold            0x0800717f   Thumb Code    94  stm32g4xx_hal_uart_ex.o(i.HAL_UARTEx_SetRxFifoThreshold)
    HAL_UARTEx_SetTxFifoThreshold            0x080071dd   Thumb Code    94  stm32g4xx_hal_uart_ex.o(i.HAL_UARTEx_SetTxFifoThreshold)
    HAL_UARTEx_TxFifoEmptyCallback           0x0800723b   Thumb Code     2  stm32g4xx_hal_uart_ex.o(i.HAL_UARTEx_TxFifoEmptyCallback)
    HAL_UARTEx_WakeupCallback                0x0800723d   Thumb Code     2  stm32g4xx_hal_uart_ex.o(i.HAL_UARTEx_WakeupCallback)
    HAL_UART_ErrorCallback                   0x0800723f   Thumb Code     2  stm32g4xx_hal_uart.o(i.HAL_UART_ErrorCallback)
    HAL_UART_IRQHandler                      0x08007241   Thumb Code   920  stm32g4xx_hal_uart.o(i.HAL_UART_IRQHandler)
    HAL_UART_Init                            0x080075e5   Thumb Code   120  stm32g4xx_hal_uart.o(i.HAL_UART_Init)
    HAL_UART_MspInit                         0x0800765d   Thumb Code   512  usart.o(i.HAL_UART_MspInit)
    HAL_UART_RxCpltCallback                  0x08007881   Thumb Code     2  stm32g4xx_hal_uart.o(i.HAL_UART_RxCpltCallback)
    HAL_UART_RxHalfCpltCallback              0x08007883   Thumb Code     2  stm32g4xx_hal_uart.o(i.HAL_UART_RxHalfCpltCallback)
    HAL_UART_Transmit                        0x08007885   Thumb Code   194  stm32g4xx_hal_uart.o(i.HAL_UART_Transmit)
    HAL_UART_Transmit_DMA                    0x08007949   Thumb Code   148  stm32g4xx_hal_uart.o(i.HAL_UART_Transmit_DMA)
    HAL_UART_TxCpltCallback                  0x080079e9   Thumb Code     2  stm32g4xx_hal_uart.o(i.HAL_UART_TxCpltCallback)
    HAL_UART_TxHalfCpltCallback              0x080079eb   Thumb Code     2  stm32g4xx_hal_uart.o(i.HAL_UART_TxHalfCpltCallback)
    HardFault_Handler                        0x080079ed   Thumb Code     4  stm32g4xx_it.o(i.HardFault_Handler)
    I2C3_EV_IRQHandler                       0x080079f1   Thumb Code    10  stm32g4xx_it.o(i.I2C3_EV_IRQHandler)
    MX_ADC1_Init                             0x08007b99   Thumb Code   254  adc.o(i.MX_ADC1_Init)
    MX_ADC2_Init                             0x08007ca9   Thumb Code   198  adc.o(i.MX_ADC2_Init)
    MX_COMP1_Init                            0x08007d85   Thumb Code    40  comp.o(i.MX_COMP1_Init)
    MX_DAC1_Init                             0x08007db5   Thumb Code    80  dac.o(i.MX_DAC1_Init)
    MX_DAC3_Init                             0x08007e0d   Thumb Code    80  dac.o(i.MX_DAC3_Init)
    MX_DMA_Init                              0x08007e65   Thumb Code   154  dma.o(i.MX_DMA_Init)
    MX_FDCAN1_Init                           0x08007f05   Thumb Code    70  fdcan.o(i.MX_FDCAN1_Init)
    MX_GPIO_Init                             0x08007f55   Thumb Code   372  gpio.o(i.MX_GPIO_Init)
    MX_I2C3_Init                             0x080080d9   Thumb Code    74  i2c.o(i.MX_I2C3_Init)
    MX_OPAMP1_Init                           0x08008131   Thumb Code    40  opamp.o(i.MX_OPAMP1_Init)
    MX_OPAMP2_Init                           0x08008161   Thumb Code    40  opamp.o(i.MX_OPAMP2_Init)
    MX_OPAMP3_Init                           0x08008191   Thumb Code    40  opamp.o(i.MX_OPAMP3_Init)
    MX_TIM1_Init                             0x080081c1   Thumb Code   334  tim.o(i.MX_TIM1_Init)
    MX_TIM2_Init                             0x08008319   Thumb Code   138  tim.o(i.MX_TIM2_Init)
    MX_UART4_Init                            0x080083a9   Thumb Code    96  usart.o(i.MX_UART4_Init)
    MX_USART1_UART_Init                      0x08008415   Thumb Code    96  usart.o(i.MX_USART1_UART_Init)
    MemManage_Handler                        0x08008481   Thumb Code     4  stm32g4xx_it.o(i.MemManage_Handler)
    NMI_Handler                              0x08008485   Thumb Code     4  stm32g4xx_it.o(i.NMI_Handler)
    PI_tune                                  0x08008489   Thumb Code   154  pi_tune.o(i.PI_tune)
    PendSV_Handler                           0x08008531   Thumb Code     2  stm32g4xx_it.o(i.PendSV_Handler)
    SVC_Handler                              0x0800859d   Thumb Code     2  stm32g4xx_it.o(i.SVC_Handler)
    SysTick_Handler                          0x0800859f   Thumb Code     8  stm32g4xx_it.o(i.SysTick_Handler)
    SystemClock_Config                       0x080085a7   Thumb Code   102  main.o(i.SystemClock_Config)
    SystemInit                               0x0800860d   Thumb Code    14  system_stm32g4xx.o(i.SystemInit)
    TIM2_IRQHandler                          0x08008621   Thumb Code    10  stm32g4xx_it.o(i.TIM2_IRQHandler)
    TIM_Base_SetConfig                       0x08008631   Thumb Code   174  stm32g4xx_hal_tim.o(i.TIM_Base_SetConfig)
    TIM_CCxChannelCmd                        0x080086fd   Thumb Code    34  stm32g4xx_hal_tim.o(i.TIM_CCxChannelCmd)
    TIM_ETR_SetConfig                        0x08008741   Thumb Code    22  stm32g4xx_hal_tim.o(i.TIM_ETR_SetConfig)
    TIM_OC2_SetConfig                        0x0800881d   Thumb Code   156  stm32g4xx_hal_tim.o(i.TIM_OC2_SetConfig)
    TIM_TI1_SetConfig                        0x08008b41   Thumb Code   102  stm32g4xx_hal_tim.o(i.TIM_TI1_SetConfig)
    UART4_IRQHandler                         0x08008be5   Thumb Code    10  stm32g4xx_it.o(i.UART4_IRQHandler)
    UART_AdvFeatureConfig                    0x08008c4d   Thumb Code   248  stm32g4xx_hal_uart.o(i.UART_AdvFeatureConfig)
    UART_CheckIdleState                      0x08008d45   Thumb Code   234  stm32g4xx_hal_uart.o(i.UART_CheckIdleState)
    UART_SetConfig                           0x080090c1   Thumb Code   858  stm32g4xx_hal_uart.o(i.UART_SetConfig)
    UART_Start_Receive_DMA                   0x08009445   Thumb Code   186  stm32g4xx_hal_uart.o(i.UART_Start_Receive_DMA)
    UART_WaitOnFlagUntilTimeout              0x0800950d   Thumb Code   172  stm32g4xx_hal_uart.o(i.UART_WaitOnFlagUntilTimeout)
    USART1_IRQHandler                        0x080095b9   Thumb Code    10  stm32g4xx_it.o(i.USART1_IRQHandler)
    UsageFault_Handler                       0x080095c9   Thumb Code     4  stm32g4xx_it.o(i.UsageFault_Handler)
    __hardfp___mathlib_tofloat               0x08009609   Thumb Code   232  narrow.o(i.__hardfp___mathlib_tofloat)
    __hardfp_floorf                          0x08009701   Thumb Code    98  floorf.o(i.__hardfp_floorf)
    __hardfp_fmaxf                           0x08009771   Thumb Code    72  fmaxf.o(i.__hardfp_fmaxf)
    __hardfp_fminf                           0x080097b9   Thumb Code    72  fminf.o(i.__hardfp_fminf)
    __hardfp_fmodf                           0x08009801   Thumb Code   176  fmodf.o(i.__hardfp_fmodf)
    __hardfp_ldexp                           0x080098b1   Thumb Code   200  ldexp.o(i.__hardfp_ldexp)
    __mathlib_dbl_overflow                   0x08009981   Thumb Code    24  dunder.o(i.__mathlib_dbl_overflow)
    __mathlib_dbl_underflow                  0x080099a1   Thumb Code    24  dunder.o(i.__mathlib_dbl_underflow)
    __mathlib_flt_invalid                    0x080099c1   Thumb Code    10  funder.o(i.__mathlib_flt_invalid)
    __mathlib_narrow                         0x080099d1   Thumb Code    18  narrow.o(i.__mathlib_narrow)
    __support_ldexp                          0x080099e3   Thumb Code    20  ldexp.o(i.__support_ldexp)
    _is_digit                                0x080099f7   Thumb Code    14  scanf_fp.o(i._is_digit)
    frexp                                    0x0800a1f9   Thumb Code   118  frexp.o(i.frexp)
    main                                     0x0800a285   Thumb Code   234  main.o(i.main)
    rt_modf_snf                              0x0800a41d   Thumb Code   352  decoder_foc.o(i.rt_modf_snf)
    _get_lc_numeric                          0x0800a589   Thumb Code    44  lc_numeric_c.o(locale$$code)
    _get_lc_ctype                            0x0800a5b5   Thumb Code    44  lc_ctype_c.o(locale$$code)
    __aeabi_d2f                              0x0800a5e1   Thumb Code     0  d2f.o(x$fpl$d2f)
    _d2f                                     0x0800a5e1   Thumb Code    98  d2f.o(x$fpl$d2f)
    __aeabi_dadd                             0x0800a645   Thumb Code     0  daddsub_clz.o(x$fpl$dadd)
    _dadd                                    0x0800a645   Thumb Code   332  daddsub_clz.o(x$fpl$dadd)
    __fpl_dcheck_NaN1                        0x0800a795   Thumb Code    10  dcheck1.o(x$fpl$dcheck1)
    __fpl_dcmp_Inf                           0x0800a7a5   Thumb Code    24  dcmpi.o(x$fpl$dcmpinf)
    __aeabi_cdcmpeq                          0x0800a7bd   Thumb Code     0  deqf.o(x$fpl$deqf)
    _dcmpeq                                  0x0800a7bd   Thumb Code   120  deqf.o(x$fpl$deqf)
    __aeabi_d2uiz                            0x0800a835   Thumb Code     0  dfixu.o(x$fpl$dfixu)
    _dfixu                                   0x0800a835   Thumb Code    90  dfixu.o(x$fpl$dfixu)
    __aeabi_ui2d                             0x0800a88f   Thumb Code     0  dflt_clz.o(x$fpl$dfltu)
    _dfltu                                   0x0800a88f   Thumb Code    38  dflt_clz.o(x$fpl$dfltu)
    __aeabi_cdcmple                          0x0800a8b5   Thumb Code     0  dleqf.o(x$fpl$dleqf)
    _dcmple                                  0x0800a8b5   Thumb Code   120  dleqf.o(x$fpl$dleqf)
    __fpl_dcmple_InfNaN                      0x0800a917   Thumb Code     0  dleqf.o(x$fpl$dleqf)
    __aeabi_dmul                             0x0800a92d   Thumb Code     0  dmul.o(x$fpl$dmul)
    _dmul                                    0x0800a92d   Thumb Code   332  dmul.o(x$fpl$dmul)
    __fpl_dnaninf                            0x0800aa81   Thumb Code   156  dnaninf.o(x$fpl$dnaninf)
    __fpl_dretinf                            0x0800ab1d   Thumb Code    12  dretinf.o(x$fpl$dretinf)
    __aeabi_cdrcmple                         0x0800ab29   Thumb Code     0  drleqf.o(x$fpl$drleqf)
    _drcmple                                 0x0800ab29   Thumb Code   108  drleqf.o(x$fpl$drleqf)
    __aeabi_dsub                             0x0800ab95   Thumb Code     0  daddsub_clz.o(x$fpl$dsub)
    _dsub                                    0x0800ab95   Thumb Code   464  daddsub_clz.o(x$fpl$dsub)
    __aeabi_f2d                              0x0800ad69   Thumb Code     0  f2d.o(x$fpl$f2d)
    _f2d                                     0x0800ad69   Thumb Code    86  f2d.o(x$fpl$f2d)
    __fcmp4                                  0x0800adc1   Thumb Code    24  fcmp4.o(x$fpl$fcmp4)
    __ARM_fcmp4                              0x0800add9   Thumb Code     0  fcmp4.o(x$fpl$fcmp4)
    _fcmp4                                   0x0800add9   Thumb Code    58  fcmp4.o(x$fpl$fcmp4)
    __fpl_fcmp_Inf                           0x0800ae13   Thumb Code    24  fcmpi.o(x$fpl$fcmpinf)
    __fpl_fnaninf                            0x0800ae2b   Thumb Code   140  fnaninf.o(x$fpl$fnaninf)
    _fp_init                                 0x0800aeb7   Thumb Code    10  fpinit.o(x$fpl$fpinit)
    __fplib_config_fpu_vfp                   0x0800aebf   Thumb Code     0  fpinit.o(x$fpl$fpinit)
    __fplib_config_pureend_doubles           0x0800aebf   Thumb Code     0  fpinit.o(x$fpl$fpinit)
    _frem                                    0x0800aec1   Thumb Code   240  frem_clz.o(x$fpl$frem)
    __fpl_fretinf                            0x0800afb5   Thumb Code    10  fretinf.o(x$fpl$fretinf)
    __ieee_status                            0x0800afbf   Thumb Code     6  istatus.o(x$fpl$ieeestatus)
    __fpl_return_NaN                         0x0800afc5   Thumb Code   100  retnan.o(x$fpl$retnan)
    __ARM_scalbn                             0x0800b029   Thumb Code    92  scalbn.o(x$fpl$scalbn)
    _scanf_real                              0x0800b085   Thumb Code     4  scanf1.o(x$fpl$scanf1)
    _scanf_hex_real                          0x0800b089   Thumb Code     4  scanf2.o(x$fpl$scanf2)
    _scanf_infnan                            0x0800b08d   Thumb Code     4  scanf2.o(x$fpl$scanf2)
    __fpl_cmpreturn                          0x0800b091   Thumb Code    48  trapv.o(x$fpl$trapveneer)
    __I$use$fp                               0x0800b0c0   Number         0  usenofp.o(x$fpl$usenofp)
    rtM                                      0x0800b0c0   Data           4  decoder_foc.o(.constdata)
    rtConstP                                 0x0800b0c4   Data        4008  decoder_foc_data.o(.constdata)
    UARTPrescTable                           0x0800c06c   Data          24  stm32g4xx_hal_uart.o(.constdata)
    AHBPrescTable                            0x0800c094   Data          16  system_stm32g4xx.o(.constdata)
    APBPrescTable                            0x0800c0a4   Data           8  system_stm32g4xx.o(.constdata)
    Region$$Table$$Base                      0x0800c140   Number         0  anon$$obj.o(Region$$Table)
    Region$$Table$$Limit                     0x0800c160   Number         0  anon$$obj.o(Region$$Table)
    __aeabi_HUGE_VAL                         0x0800c160   Data           0  fpconst.o(c$$dinf)
    __aeabi_HUGE_VALL                        0x0800c160   Data           0  fpconst.o(c$$dinf)
    __aeabi_INFINITY                         0x0800c160   Data           0  fpconst.o(c$$dinf)
    __dInf                                   0x0800c160   Data           0  fpconst.o(c$$dinf)
    __huge_val                               0x0800c160   Data           0  fpconst.o(c$$dinf)
    __dbl_max                                0x0800c168   Data           0  fpconst.o(c$$dmax)
    __ctype                                  0x0800c199   Data           0  lc_ctype_c.o(locale$$data)
    MotorState                               0x20000034   Data           1  main.o(.data)
    adc1_in1                                 0x20000036   Data           2  main.o(.data)
    adc1_in2                                 0x20000038   Data           2  main.o(.data)
    adc1_in3                                 0x2000003a   Data           2  main.o(.data)
    adc1_in4                                 0x2000003c   Data           2  main.o(.data)
    adc_vbus                                 0x2000003e   Data           2  main.o(.data)
    IA_Offset                                0x20000040   Data           2  main.o(.data)
    IB_Offset                                0x20000042   Data           2  main.o(.data)
    IC_Offset                                0x20000044   Data           2  main.o(.data)
    ADC_offset                               0x20000046   Data           1  main.o(.data)
    cmd                                      0x20000047   Data           1  main.o(.data)
    absPos                                   0x20000048   Data           4  main.o(.data)
    memAngle                                 0x2000004c   Data           4  main.o(.data)
    genTheta                                 0x20000050   Data           4  main.o(.data)
    Encoder_eleAngle                         0x20000054   Data           4  main.o(.data)
    EncoderRPM                               0x20000058   Data           4  main.o(.data)
    id_fb                                    0x20000068   Data           4  decoder_foc.o(.data)
    iq_fb                                    0x2000006c   Data           4  decoder_foc.o(.data)
    PMSM_Para                                0x20000070   Data           4  decoder_foc.o(.data)
    cur_PI                                   0x20000074   Data           8  decoder_foc.o(.data)
    spd_PI                                   0x2000007c   Data           8  decoder_foc.o(.data)
    rtNaN                                    0x20000088   Data           8  decoder_foc.o(.data)
    rtInf                                    0x20000090   Data           8  decoder_foc.o(.data)
    rtMinusInf                               0x20000098   Data           8  decoder_foc.o(.data)
    rtNaNF                                   0x200000a0   Data           4  decoder_foc.o(.data)
    rtInfF                                   0x200000a4   Data           4  decoder_foc.o(.data)
    rtMinusInfF                              0x200000a8   Data           4  decoder_foc.o(.data)
    uwTick                                   0x200000ac   Data           4  stm32g4xx_hal.o(.data)
    uwTickPrio                               0x200000b0   Data           4  stm32g4xx_hal.o(.data)
    uwTickFreq                               0x200000b4   Data           4  stm32g4xx_hal.o(.data)
    SystemCoreClock                          0x200000b8   Data           4  system_stm32g4xx.o(.data)
    rxBuffer_uart1                           0x200000bc   Data          50  main.o(.bss)
    rxBuffer_uart4                           0x200000ee   Data          20  main.o(.bss)
    temp                                     0x20000104   Data          48  main.o(.bss)
    hadc1                                    0x20000134   Data         108  adc.o(.bss)
    hadc2                                    0x200001a0   Data         108  adc.o(.bss)
    hcomp1                                   0x2000020c   Data          36  comp.o(.bss)
    hdac1                                    0x20000230   Data          20  dac.o(.bss)
    hdac3                                    0x20000244   Data          20  dac.o(.bss)
    hfdcan1                                  0x20000258   Data         100  fdcan.o(.bss)
    hi2c3                                    0x200002bc   Data          84  i2c.o(.bss)
    hdma_i2c3_rx                             0x20000310   Data          96  i2c.o(.bss)
    hdma_i2c3_tx                             0x20000370   Data          96  i2c.o(.bss)
    hopamp1                                  0x200003d0   Data          60  opamp.o(.bss)
    hopamp2                                  0x2000040c   Data          60  opamp.o(.bss)
    hopamp3                                  0x20000448   Data          60  opamp.o(.bss)
    htim1                                    0x20000484   Data          76  tim.o(.bss)
    htim2                                    0x200004d0   Data          76  tim.o(.bss)
    huart4                                   0x2000051c   Data         148  usart.o(.bss)
    huart1                                   0x200005b0   Data         148  usart.o(.bss)
    hdma_uart4_rx                            0x20000644   Data          96  usart.o(.bss)
    hdma_uart4_tx                            0x200006a4   Data          96  usart.o(.bss)
    hdma_usart1_rx                           0x20000704   Data          96  usart.o(.bss)
    hdma_usart1_tx                           0x20000764   Data          96  usart.o(.bss)
    rtDW                                     0x200007c8   Data          88  decoder_foc.o(.bss)
    rtU                                      0x20000820   Data          40  decoder_foc.o(.bss)
    rtY                                      0x20000848   Data          24  decoder_foc.o(.bss)
    rtDWW                                    0x2000086c   Data         144  decoder0.o(.bss)
    __libspace_start                         0x200008fc   Data          96  libspace.o(.bss)
    __temporary_stack_top$libspace           0x2000095c   Data           0  libspace.o(.bss)



==============================================================================

Memory Map of the image

  Image Entry point : 0x080001d9

  Load Region LR_IROM1 (Base: 0x08000000, Size: 0x0000c358, Max: 0x00020000, ABSOLUTE)

    Execution Region ER_IROM1 (Exec base: 0x08000000, Load base: 0x08000000, Size: 0x0000c29c, Max: 0x00020000, ABSOLUTE)

    Exec Addr    Load Addr    Size         Type   Attr      Idx    E Section Name        Object

    0x08000000   0x08000000   0x000001d8   Data   RO            3    RESET               startup_stm32g431xx.o
    0x080001d8   0x080001d8   0x00000008   Code   RO         6428  * !!!main             c_w.l(__main.o)
    0x080001e0   0x080001e0   0x00000034   Code   RO         6822    !!!scatter          c_w.l(__scatter.o)
    0x08000214   0x08000214   0x0000001a   Code   RO         6824    !!handler_copy      c_w.l(__scatter_copy.o)
    0x0800022e   0x0800022e   0x00000002   PAD
    0x08000230   0x08000230   0x0000001c   Code   RO         6826    !!handler_zi        c_w.l(__scatter_zi.o)
    0x0800024c   0x0800024c   0x00000002   Code   RO         6637    .ARM.Collect$$libinit$$00000000  c_w.l(libinit.o)
    0x0800024e   0x0800024e   0x00000004   Code   RO         6638    .ARM.Collect$$libinit$$00000001  c_w.l(libinit2.o)
    0x08000252   0x08000252   0x00000000   Code   RO         6641    .ARM.Collect$$libinit$$00000004  c_w.l(libinit2.o)
    0x08000252   0x08000252   0x00000000   Code   RO         6644    .ARM.Collect$$libinit$$0000000A  c_w.l(libinit2.o)
    0x08000252   0x08000252   0x00000000   Code   RO         6646    .ARM.Collect$$libinit$$0000000C  c_w.l(libinit2.o)
    0x08000252   0x08000252   0x00000000   Code   RO         6648    .ARM.Collect$$libinit$$0000000E  c_w.l(libinit2.o)
    0x08000252   0x08000252   0x00000006   Code   RO         6649    .ARM.Collect$$libinit$$0000000F  c_w.l(libinit2.o)
    0x08000258   0x08000258   0x00000000   Code   RO         6651    .ARM.Collect$$libinit$$00000011  c_w.l(libinit2.o)
    0x08000258   0x08000258   0x0000000c   Code   RO         6652    .ARM.Collect$$libinit$$00000012  c_w.l(libinit2.o)
    0x08000264   0x08000264   0x00000000   Code   RO         6653    .ARM.Collect$$libinit$$00000013  c_w.l(libinit2.o)
    0x08000264   0x08000264   0x00000000   Code   RO         6655    .ARM.Collect$$libinit$$00000015  c_w.l(libinit2.o)
    0x08000264   0x08000264   0x0000000a   Code   RO         6656    .ARM.Collect$$libinit$$00000016  c_w.l(libinit2.o)
    0x0800026e   0x0800026e   0x00000000   Code   RO         6657    .ARM.Collect$$libinit$$00000017  c_w.l(libinit2.o)
    0x0800026e   0x0800026e   0x00000000   Code   RO         6659    .ARM.Collect$$libinit$$00000019  c_w.l(libinit2.o)
    0x0800026e   0x0800026e   0x00000000   Code   RO         6661    .ARM.Collect$$libinit$$0000001B  c_w.l(libinit2.o)
    0x0800026e   0x0800026e   0x00000000   Code   RO         6663    .ARM.Collect$$libinit$$0000001D  c_w.l(libinit2.o)
    0x0800026e   0x0800026e   0x00000000   Code   RO         6665    .ARM.Collect$$libinit$$0000001F  c_w.l(libinit2.o)
    0x0800026e   0x0800026e   0x00000000   Code   RO         6667    .ARM.Collect$$libinit$$00000021  c_w.l(libinit2.o)
    0x0800026e   0x0800026e   0x00000000   Code   RO         6669    .ARM.Collect$$libinit$$00000023  c_w.l(libinit2.o)
    0x0800026e   0x0800026e   0x00000000   Code   RO         6671    .ARM.Collect$$libinit$$00000025  c_w.l(libinit2.o)
    0x0800026e   0x0800026e   0x00000000   Code   RO         6675    .ARM.Collect$$libinit$$0000002C  c_w.l(libinit2.o)
    0x0800026e   0x0800026e   0x00000000   Code   RO         6677    .ARM.Collect$$libinit$$0000002E  c_w.l(libinit2.o)
    0x0800026e   0x0800026e   0x00000000   Code   RO         6679    .ARM.Collect$$libinit$$00000030  c_w.l(libinit2.o)
    0x0800026e   0x0800026e   0x00000000   Code   RO         6681    .ARM.Collect$$libinit$$00000032  c_w.l(libinit2.o)
    0x0800026e   0x0800026e   0x00000002   Code   RO         6682    .ARM.Collect$$libinit$$00000033  c_w.l(libinit2.o)
    0x08000270   0x08000270   0x00000002   Code   RO         6775    .ARM.Collect$$libshutdown$$00000000  c_w.l(libshutdown.o)
    0x08000272   0x08000272   0x00000000   Code   RO         6799    .ARM.Collect$$libshutdown$$00000002  c_w.l(libshutdown2.o)
    0x08000272   0x08000272   0x00000000   Code   RO         6801    .ARM.Collect$$libshutdown$$00000004  c_w.l(libshutdown2.o)
    0x08000272   0x08000272   0x00000000   Code   RO         6803    .ARM.Collect$$libshutdown$$00000006  c_w.l(libshutdown2.o)
    0x08000272   0x08000272   0x00000000   Code   RO         6806    .ARM.Collect$$libshutdown$$00000009  c_w.l(libshutdown2.o)
    0x08000272   0x08000272   0x00000000   Code   RO         6809    .ARM.Collect$$libshutdown$$0000000C  c_w.l(libshutdown2.o)
    0x08000272   0x08000272   0x00000000   Code   RO         6811    .ARM.Collect$$libshutdown$$0000000E  c_w.l(libshutdown2.o)
    0x08000272   0x08000272   0x00000000   Code   RO         6814    .ARM.Collect$$libshutdown$$00000011  c_w.l(libshutdown2.o)
    0x08000272   0x08000272   0x00000002   Code   RO         6815    .ARM.Collect$$libshutdown$$00000012  c_w.l(libshutdown2.o)
    0x08000274   0x08000274   0x00000000   Code   RO         6486    .ARM.Collect$$rtentry$$00000000  c_w.l(__rtentry.o)
    0x08000274   0x08000274   0x00000000   Code   RO         6533    .ARM.Collect$$rtentry$$00000002  c_w.l(__rtentry2.o)
    0x08000274   0x08000274   0x00000006   Code   RO         6545    .ARM.Collect$$rtentry$$00000004  c_w.l(__rtentry4.o)
    0x0800027a   0x0800027a   0x00000000   Code   RO         6535    .ARM.Collect$$rtentry$$00000009  c_w.l(__rtentry2.o)
    0x0800027a   0x0800027a   0x00000004   Code   RO         6536    .ARM.Collect$$rtentry$$0000000A  c_w.l(__rtentry2.o)
    0x0800027e   0x0800027e   0x00000000   Code   RO         6538    .ARM.Collect$$rtentry$$0000000C  c_w.l(__rtentry2.o)
    0x0800027e   0x0800027e   0x00000008   Code   RO         6539    .ARM.Collect$$rtentry$$0000000D  c_w.l(__rtentry2.o)
    0x08000286   0x08000286   0x00000002   Code   RO         6689    .ARM.Collect$$rtexit$$00000000  c_w.l(rtexit.o)
    0x08000288   0x08000288   0x00000000   Code   RO         6727    .ARM.Collect$$rtexit$$00000002  c_w.l(rtexit2.o)
    0x08000288   0x08000288   0x00000004   Code   RO         6728    .ARM.Collect$$rtexit$$00000003  c_w.l(rtexit2.o)
    0x0800028c   0x0800028c   0x00000006   Code   RO         6729    .ARM.Collect$$rtexit$$00000004  c_w.l(rtexit2.o)
    0x08000292   0x08000292   0x00000002   PAD
    0x08000294   0x08000294   0x00000040   Code   RO            4    .text               startup_stm32g431xx.o
    0x080002d4   0x080002d4   0x000000ee   Code   RO         6416    .text               c_w.l(lludivv7m.o)
    0x080003c2   0x080003c2   0x00000002   PAD
    0x080003c4   0x080003c4   0x0000003c   Code   RO         6418    .text               c_w.l(__0sscanf.o)
    0x08000400   0x08000400   0x0000008a   Code   RO         6420    .text               c_w.l(rt_memcpy_v6.o)
    0x0800048a   0x0800048a   0x00000064   Code   RO         6422    .text               c_w.l(rt_memcpy_w.o)
    0x080004ee   0x080004ee   0x0000004e   Code   RO         6424    .text               c_w.l(rt_memclr_w.o)
    0x0800053c   0x0800053c   0x00000006   Code   RO         6426    .text               c_w.l(heapauxi.o)
    0x08000542   0x08000542   0x00000016   Code   RO         6491    .text               c_w.l(_rserrno.o)
    0x08000558   0x08000558   0x000004f8   Code   RO         6493    .text               c_w.l(scanf_fp.o)
    0x08000a50   0x08000a50   0x0000002c   Code   RO         6497    .text               c_w.l(scanf_char.o)
    0x08000a7c   0x08000a7c   0x00000040   Code   RO         6499    .text               c_w.l(_sgetc.o)
    0x08000abc   0x08000abc   0x00000008   Code   RO         6552    .text               c_w.l(rt_locale_intlibspace.o)
    0x08000ac4   0x08000ac4   0x00000008   Code   RO         6557    .text               c_w.l(rt_errno_addr_intlibspace.o)
    0x08000acc   0x08000acc   0x00000012   Code   RO         6559    .text               c_w.l(isspace.o)
    0x08000ade   0x08000ade   0x00000002   PAD
    0x08000ae0   0x08000ae0   0x00000374   Code   RO         6561    .text               c_w.l(_scanf.o)
    0x08000e54   0x08000e54   0x000000e4   Code   RO         6563    .text               c_w.l(bigflt0.o)
    0x08000f38   0x08000f38   0x00000008   Code   RO         6613    .text               c_w.l(libspace.o)
    0x08000f40   0x08000f40   0x0000004a   Code   RO         6616    .text               c_w.l(sys_stackheap_outer.o)
    0x08000f8a   0x08000f8a   0x00000002   PAD
    0x08000f8c   0x08000f8c   0x00000010   Code   RO         6618    .text               c_w.l(rt_ctype_table.o)
    0x08000f9c   0x08000f9c   0x00000320   Code   RO         6620    .text               c_w.l(scanf_hexfp.o)
    0x080012bc   0x080012bc   0x00000134   Code   RO         6622    .text               c_w.l(scanf_infnan.o)
    0x080013f0   0x080013f0   0x00000012   Code   RO         6624    .text               c_w.l(exit.o)
    0x08001402   0x08001402   0x00000002   PAD
    0x08001404   0x08001404   0x00000080   Code   RO         6630    .text               c_w.l(strcmpv7m.o)
    0x08001484   0x08001484   0x00000026   Code   RO         6693    .text               c_w.l(llshl.o)
    0x080014aa   0x080014aa   0x0000001c   Code   RO         6695    .text               c_w.l(_chval.o)
    0x080014c6   0x080014c6   0x00000002   PAD
    0x080014c8   0x080014c8   0x0000000c   Code   RO         6724    .text               c_w.l(sys_exit.o)
    0x080014d4   0x080014d4   0x00000002   Code   RO         6762    .text               c_w.l(use_no_semi.o)
    0x080014d6   0x080014d6   0x00000000   Code   RO         6764    .text               c_w.l(indicate_semi.o)
    0x080014d6   0x080014d6   0x00000338   Code   RO         6576    CL$$btod_div_common  c_w.l(btod.o)
    0x0800180e   0x0800180e   0x00000002   PAD
    0x08001810   0x08001810   0x00000084   Code   RO         6574    CL$$btod_e2d        c_w.l(btod.o)
    0x08001894   0x08001894   0x000000dc   Code   RO         6573    CL$$btod_e2e        c_w.l(btod.o)
    0x08001970   0x08001970   0x0000002a   Code   RO         6570    CL$$btod_ediv       c_w.l(btod.o)
    0x0800199a   0x0800199a   0x0000002a   Code   RO         6572    CL$$btod_edivd      c_w.l(btod.o)
    0x080019c4   0x080019c4   0x0000002a   Code   RO         6569    CL$$btod_emul       c_w.l(btod.o)
    0x080019ee   0x080019ee   0x0000002a   Code   RO         6571    CL$$btod_emuld      c_w.l(btod.o)
    0x08001a18   0x08001a18   0x00000244   Code   RO         6575    CL$$btod_mult_common  c_w.l(btod.o)
    0x08001c5c   0x08001c5c   0x00000018   Code   RO          719    i.ADC1_2_IRQHandler  stm32g4xx_it.o
    0x08001c74   0x08001c74   0x00000094   Code   RO         1190    i.ADC_Disable       stm32g4xx_hal_adc.o
    0x08001d08   0x08001d08   0x000000c8   Code   RO         1191    i.ADC_Enable        stm32g4xx_hal_adc.o
    0x08001dd0   0x08001dd0   0x00000004   Code   RO          720    i.BusFault_Handler  stm32g4xx_it.o
    0x08001dd4   0x08001dd4   0x00000010   Code   RO          721    i.DMA1_Channel1_IRQHandler  stm32g4xx_it.o
    0x08001de4   0x08001de4   0x00000010   Code   RO          722    i.DMA1_Channel2_IRQHandler  stm32g4xx_it.o
    0x08001df4   0x08001df4   0x00000010   Code   RO          723    i.DMA1_Channel3_IRQHandler  stm32g4xx_it.o
    0x08001e04   0x08001e04   0x00000010   Code   RO          724    i.DMA1_Channel4_IRQHandler  stm32g4xx_it.o
    0x08001e14   0x08001e14   0x00000010   Code   RO          725    i.DMA1_Channel5_IRQHandler  stm32g4xx_it.o
    0x08001e24   0x08001e24   0x00000010   Code   RO          726    i.DMA1_Channel6_IRQHandler  stm32g4xx_it.o
    0x08001e34   0x08001e34   0x00000044   Code   RO         2609    i.DMA_CalcDMAMUXChannelBaseAndMask  stm32g4xx_hal_dma.o
    0x08001e78   0x08001e78   0x00000024   Code   RO         2610    i.DMA_CalcDMAMUXRequestGenBaseAndMask  stm32g4xx_hal_dma.o
    0x08001e9c   0x08001e9c   0x00000040   Code   RO         2611    i.DMA_SetConfig     stm32g4xx_hal_dma.o
    0x08001edc   0x08001edc   0x00000002   Code   RO          727    i.DebugMon_Handler  stm32g4xx_it.o
    0x08001ede   0x08001ede   0x00000002   PAD
    0x08001ee0   0x08001ee0   0x00000024   Code   RO          897    i.Decoder_FOC_initialize  decoder_foc.o
    0x08001f04   0x08001f04   0x0000031c   Code   RO          898    i.Decoder_FOC_step  decoder_foc.o
    0x08002220   0x08002220   0x00000130   Code   RO         1019    i.Decoder_Step      decoder0.o
    0x08002350   0x08002350   0x0000000a   Code   RO          728    i.EXTI0_IRQHandler  stm32g4xx_it.o
    0x0800235a   0x0800235a   0x00000010   Code   RO          729    i.EXTI9_5_IRQHandler  stm32g4xx_it.o
    0x0800236a   0x0800236a   0x00000006   Code   RO           13    i.Error_Handler     main.o
    0x08002370   0x08002370   0x0000006c   Code   RO         3652    i.FDCAN_CalcultateRamBlockAddresses  stm32g4xx_hal_fdcan.o
    0x080023dc   0x080023dc   0x000000b0   Code   RO         1464    i.HAL_ADCEx_Calibration_Start  stm32g4xx_hal_adc_ex.o
    0x0800248c   0x0800248c   0x00000002   Code   RO         1468    i.HAL_ADCEx_EndOfSamplingCallback  stm32g4xx_hal_adc_ex.o
    0x0800248e   0x0800248e   0x00000002   PAD
    0x08002490   0x08002490   0x0000062c   Code   RO         1470    i.HAL_ADCEx_InjectedConfigChannel  stm32g4xx_hal_adc_ex.o
    0x08002abc   0x08002abc   0x00000338   Code   RO           14    i.HAL_ADCEx_InjectedConvCpltCallback  main.o
    0x08002df4   0x08002df4   0x00000002   Code   RO         1474    i.HAL_ADCEx_InjectedQueueOverflowCallback  stm32g4xx_hal_adc_ex.o
    0x08002df6   0x08002df6   0x00000002   PAD
    0x08002df8   0x08002df8   0x00000108   Code   RO         1475    i.HAL_ADCEx_InjectedStart  stm32g4xx_hal_adc_ex.o
    0x08002f00   0x08002f00   0x0000015c   Code   RO         1476    i.HAL_ADCEx_InjectedStart_IT  stm32g4xx_hal_adc_ex.o
    0x0800305c   0x0800305c   0x00000002   Code   RO         1479    i.HAL_ADCEx_LevelOutOfWindow2Callback  stm32g4xx_hal_adc_ex.o
    0x0800305e   0x0800305e   0x00000002   Code   RO         1480    i.HAL_ADCEx_LevelOutOfWindow3Callback  stm32g4xx_hal_adc_ex.o
    0x08003060   0x08003060   0x0000010c   Code   RO         1481    i.HAL_ADCEx_MultiModeConfigChannel  stm32g4xx_hal_adc_ex.o
    0x0800316c   0x0800316c   0x00000508   Code   RO         1193    i.HAL_ADC_ConfigChannel  stm32g4xx_hal_adc.o
    0x08003674   0x08003674   0x00000002   Code   RO         1194    i.HAL_ADC_ConvCpltCallback  stm32g4xx_hal_adc.o
    0x08003676   0x08003676   0x00000002   Code   RO         1197    i.HAL_ADC_ErrorCallback  stm32g4xx_hal_adc.o
    0x08003678   0x08003678   0x00000330   Code   RO         1201    i.HAL_ADC_IRQHandler  stm32g4xx_hal_adc.o
    0x080039a8   0x080039a8   0x0000025c   Code   RO         1202    i.HAL_ADC_Init      stm32g4xx_hal_adc.o
    0x08003c04   0x08003c04   0x00000002   Code   RO         1203    i.HAL_ADC_LevelOutOfWindowCallback  stm32g4xx_hal_adc.o
    0x08003c06   0x08003c06   0x00000002   PAD
    0x08003c08   0x08003c08   0x000001a8   Code   RO          317    i.HAL_ADC_MspInit   adc.o
    0x08003db0   0x08003db0   0x000001a0   Code   RO         3261    i.HAL_COMP_Init     stm32g4xx_hal_comp.o
    0x08003f50   0x08003f50   0x00000058   Code   RO          366    i.HAL_COMP_MspInit  comp.o
    0x08003fa8   0x08003fa8   0x00000260   Code   RO         3367    i.HAL_DAC_ConfigChannel  stm32g4xx_hal_dac.o
    0x08004208   0x08004208   0x00000028   Code   RO         3377    i.HAL_DAC_Init      stm32g4xx_hal_dac.o
    0x08004230   0x08004230   0x00000098   Code   RO          408    i.HAL_DAC_MspInit   dac.o
    0x080042c8   0x080042c8   0x00000076   Code   RO         2612    i.HAL_DMA_Abort     stm32g4xx_hal_dma.o
    0x0800433e   0x0800433e   0x00000094   Code   RO         2613    i.HAL_DMA_Abort_IT  stm32g4xx_hal_dma.o
    0x080043d2   0x080043d2   0x000000fe   Code   RO         2617    i.HAL_DMA_IRQHandler  stm32g4xx_hal_dma.o
    0x080044d0   0x080044d0   0x000000d0   Code   RO         2618    i.HAL_DMA_Init      stm32g4xx_hal_dma.o
    0x080045a0   0x080045a0   0x000000c2   Code   RO         2622    i.HAL_DMA_Start_IT  stm32g4xx_hal_dma.o
    0x08004662   0x08004662   0x00000002   PAD
    0x08004664   0x08004664   0x00000218   Code   RO         3697    i.HAL_FDCAN_Init    stm32g4xx_hal_fdcan.o
    0x0800487c   0x0800487c   0x00000090   Code   RO          480    i.HAL_FDCAN_MspInit  fdcan.o
    0x0800490c   0x0800490c   0x00000158   Code   RO           15    i.HAL_GPIO_EXTI_Callback  main.o
    0x08004a64   0x08004a64   0x0000001c   Code   RO         2473    i.HAL_GPIO_EXTI_IRQHandler  stm32g4xx_hal_gpio.o
    0x08004a80   0x08004a80   0x000001cc   Code   RO         2474    i.HAL_GPIO_Init     stm32g4xx_hal_gpio.o
    0x08004c4c   0x08004c4c   0x0000000a   Code   RO         2478    i.HAL_GPIO_WritePin  stm32g4xx_hal_gpio.o
    0x08004c56   0x08004c56   0x00000002   PAD
    0x08004c58   0x08004c58   0x0000000c   Code   RO         1709    i.HAL_GetTick       stm32g4xx_hal.o
    0x08004c64   0x08004c64   0x0000006a   Code   RO         4514    i.HAL_I2CEx_ConfigAnalogFilter  stm32g4xx_hal_i2c_ex.o
    0x08004cce   0x08004cce   0x00000068   Code   RO         4515    i.HAL_I2CEx_ConfigDigitalFilter  stm32g4xx_hal_i2c_ex.o
    0x08004d36   0x08004d36   0x0000001c   Code   RO         4047    i.HAL_I2C_EV_IRQHandler  stm32g4xx_hal_i2c.o
    0x08004d52   0x08004d52   0x00000002   PAD
    0x08004d54   0x08004d54   0x000000d8   Code   RO         4053    i.HAL_I2C_Init      stm32g4xx_hal_i2c.o
    0x08004e2c   0x08004e2c   0x00000120   Code   RO          522    i.HAL_I2C_MspInit   i2c.o
    0x08004f4c   0x08004f4c   0x00000018   Code   RO         1715    i.HAL_IncTick       stm32g4xx_hal.o
    0x08004f64   0x08004f64   0x0000001e   Code   RO         1716    i.HAL_Init          stm32g4xx_hal.o
    0x08004f82   0x08004f82   0x00000002   PAD
    0x08004f84   0x08004f84   0x00000058   Code   RO         1717    i.HAL_InitTick      stm32g4xx_hal.o
    0x08004fdc   0x08004fdc   0x00000044   Code   RO          873    i.HAL_MspInit       stm32g4xx_hal_msp.o
    0x08005020   0x08005020   0x00000028   Code   RO         3121    i.HAL_NVIC_EnableIRQ  stm32g4xx_hal_cortex.o
    0x08005048   0x08005048   0x0000007a   Code   RO         3127    i.HAL_NVIC_SetPriority  stm32g4xx_hal_cortex.o
    0x080050c2   0x080050c2   0x00000002   PAD
    0x080050c4   0x080050c4   0x00000028   Code   RO         3128    i.HAL_NVIC_SetPriorityGrouping  stm32g4xx_hal_cortex.o
    0x080050ec   0x080050ec   0x00000154   Code   RO         4571    i.HAL_OPAMP_Init    stm32g4xx_hal_opamp.o
    0x08005240   0x08005240   0x000000d4   Code   RO          564    i.HAL_OPAMP_MspInit  opamp.o
    0x08005314   0x08005314   0x00000036   Code   RO         4577    i.HAL_OPAMP_Start   stm32g4xx_hal_opamp.o
    0x0800534a   0x0800534a   0x00000002   PAD
    0x0800534c   0x0800534c   0x00000118   Code   RO         2877    i.HAL_PWREx_ControlVoltageScaling  stm32g4xx_hal_pwr_ex.o
    0x08005464   0x08005464   0x00000014   Code   RO         2889    i.HAL_PWREx_DisableUCPDDeadBattery  stm32g4xx_hal_pwr_ex.o
    0x08005478   0x08005478   0x00000370   Code   RO         2081    i.HAL_RCCEx_PeriphCLKConfig  stm32g4xx_hal_rcc_ex.o
    0x080057e8   0x080057e8   0x00000224   Code   RO         1951    i.HAL_RCC_ClockConfig  stm32g4xx_hal_rcc.o
    0x08005a0c   0x08005a0c   0x0000000c   Code   RO         1957    i.HAL_RCC_GetHCLKFreq  stm32g4xx_hal_rcc.o
    0x08005a18   0x08005a18   0x00000024   Code   RO         1959    i.HAL_RCC_GetPCLK1Freq  stm32g4xx_hal_rcc.o
    0x08005a3c   0x08005a3c   0x00000024   Code   RO         1960    i.HAL_RCC_GetPCLK2Freq  stm32g4xx_hal_rcc.o
    0x08005a60   0x08005a60   0x00000098   Code   RO         1961    i.HAL_RCC_GetSysClockFreq  stm32g4xx_hal_rcc.o
    0x08005af8   0x08005af8   0x0000055c   Code   RO         1964    i.HAL_RCC_OscConfig  stm32g4xx_hal_rcc.o
    0x08006054   0x08006054   0x00000034   Code   RO         3132    i.HAL_SYSTICK_Config  stm32g4xx_hal_cortex.o
    0x08006088   0x08006088   0x00000002   Code   RO         5403    i.HAL_TIMEx_Break2Callback  stm32g4xx_hal_tim_ex.o
    0x0800608a   0x0800608a   0x00000002   Code   RO         5404    i.HAL_TIMEx_BreakCallback  stm32g4xx_hal_tim_ex.o
    0x0800608c   0x0800608c   0x00000002   Code   RO         5405    i.HAL_TIMEx_CommutCallback  stm32g4xx_hal_tim_ex.o
    0x0800608e   0x0800608e   0x00000002   PAD
    0x08006090   0x08006090   0x000000c8   Code   RO         5408    i.HAL_TIMEx_ConfigBreakDeadTime  stm32g4xx_hal_tim_ex.o
    0x08006158   0x08006158   0x000000e0   Code   RO         5409    i.HAL_TIMEx_ConfigBreakInput  stm32g4xx_hal_tim_ex.o
    0x08006238   0x08006238   0x00000002   Code   RO         5416    i.HAL_TIMEx_DirectionChangeCallback  stm32g4xx_hal_tim_ex.o
    0x0800623a   0x0800623a   0x00000002   Code   RO         5430    i.HAL_TIMEx_EncoderIndexCallback  stm32g4xx_hal_tim_ex.o
    0x0800623c   0x0800623c   0x000000f8   Code   RO         5435    i.HAL_TIMEx_HallSensor_Init  stm32g4xx_hal_tim_ex.o
    0x08006334   0x08006334   0x00000002   Code   RO         5437    i.HAL_TIMEx_HallSensor_MspInit  stm32g4xx_hal_tim_ex.o
    0x08006336   0x08006336   0x00000002   Code   RO         5444    i.HAL_TIMEx_IndexErrorCallback  stm32g4xx_hal_tim_ex.o
    0x08006338   0x08006338   0x000000b8   Code   RO         5445    i.HAL_TIMEx_MasterConfigSynchronization  stm32g4xx_hal_tim_ex.o
    0x080063f0   0x080063f0   0x000000e8   Code   RO         5457    i.HAL_TIMEx_PWMN_Start  stm32g4xx_hal_tim_ex.o
    0x080064d8   0x080064d8   0x00000088   Code   RO         5460    i.HAL_TIMEx_PWMN_Stop  stm32g4xx_hal_tim_ex.o
    0x08006560   0x08006560   0x00000002   Code   RO         5466    i.HAL_TIMEx_TransitionErrorCallback  stm32g4xx_hal_tim_ex.o
    0x08006562   0x08006562   0x0000006e   Code   RO         4678    i.HAL_TIM_Base_Init  stm32g4xx_hal_tim.o
    0x080065d0   0x080065d0   0x000000e4   Code   RO          618    i.HAL_TIM_Base_MspInit  tim.o
    0x080066b4   0x080066b4   0x00000090   Code   RO         4681    i.HAL_TIM_Base_Start  stm32g4xx_hal_tim.o
    0x08006744   0x08006744   0x00000134   Code   RO         4687    i.HAL_TIM_ConfigClockSource  stm32g4xx_hal_tim.o
    0x08006878   0x08006878   0x000000cc   Code   RO         4702    i.HAL_TIM_Encoder_Start  stm32g4xx_hal_tim.o
    0x08006944   0x08006944   0x00000002   Code   RO           16    i.HAL_TIM_IC_CaptureCallback  main.o
    0x08006946   0x08006946   0x00000220   Code   RO         4726    i.HAL_TIM_IRQHandler  stm32g4xx_hal_tim.o
    0x08006b66   0x08006b66   0x00000002   PAD
    0x08006b68   0x08006b68   0x000000b4   Code   RO          619    i.HAL_TIM_MspPostInit  tim.o
    0x08006c1c   0x08006c1c   0x00000002   Code   RO         4729    i.HAL_TIM_OC_DelayElapsedCallback  stm32g4xx_hal_tim.o
    0x08006c1e   0x08006c1e   0x00000170   Code   RO         4750    i.HAL_TIM_PWM_ConfigChannel  stm32g4xx_hal_tim.o
    0x08006d8e   0x08006d8e   0x0000006e   Code   RO         4753    i.HAL_TIM_PWM_Init  stm32g4xx_hal_tim.o
    0x08006dfc   0x08006dfc   0x00000002   Code   RO         4755    i.HAL_TIM_PWM_MspInit  stm32g4xx_hal_tim.o
    0x08006dfe   0x08006dfe   0x00000002   Code   RO         4756    i.HAL_TIM_PWM_PulseFinishedCallback  stm32g4xx_hal_tim.o
    0x08006e00   0x08006e00   0x0000014c   Code   RO         4758    i.HAL_TIM_PWM_Start  stm32g4xx_hal_tim.o
    0x08006f4c   0x08006f4c   0x000000e4   Code   RO         4761    i.HAL_TIM_PWM_Stop  stm32g4xx_hal_tim.o
    0x08007030   0x08007030   0x00000002   Code   RO         4764    i.HAL_TIM_PeriodElapsedCallback  stm32g4xx_hal_tim.o
    0x08007032   0x08007032   0x00000002   Code   RO         4769    i.HAL_TIM_TriggerCallback  stm32g4xx_hal_tim.o
    0x08007034   0x08007034   0x0000004e   Code   RO         6257    i.HAL_UARTEx_DisableFifoMode  stm32g4xx_hal_uart_ex.o
    0x08007082   0x08007082   0x00000062   Code   RO         6263    i.HAL_UARTEx_ReceiveToIdle_DMA  stm32g4xx_hal_uart_ex.o
    0x080070e4   0x080070e4   0x00000098   Code   RO           17    i.HAL_UARTEx_RxEventCallback  main.o
    0x0800717c   0x0800717c   0x00000002   Code   RO         6265    i.HAL_UARTEx_RxFifoFullCallback  stm32g4xx_hal_uart_ex.o
    0x0800717e   0x0800717e   0x0000005e   Code   RO         6266    i.HAL_UARTEx_SetRxFifoThreshold  stm32g4xx_hal_uart_ex.o
    0x080071dc   0x080071dc   0x0000005e   Code   RO         6267    i.HAL_UARTEx_SetTxFifoThreshold  stm32g4xx_hal_uart_ex.o
    0x0800723a   0x0800723a   0x00000002   Code   RO         6269    i.HAL_UARTEx_TxFifoEmptyCallback  stm32g4xx_hal_uart_ex.o
    0x0800723c   0x0800723c   0x00000002   Code   RO         6270    i.HAL_UARTEx_WakeupCallback  stm32g4xx_hal_uart_ex.o
    0x0800723e   0x0800723e   0x00000002   Code   RO         5857    i.HAL_UART_ErrorCallback  stm32g4xx_hal_uart.o
    0x08007240   0x08007240   0x000003a4   Code   RO         5860    i.HAL_UART_IRQHandler  stm32g4xx_hal_uart.o
    0x080075e4   0x080075e4   0x00000078   Code   RO         5861    i.HAL_UART_Init     stm32g4xx_hal_uart.o
    0x0800765c   0x0800765c   0x00000224   Code   RO          672    i.HAL_UART_MspInit  usart.o
    0x08007880   0x08007880   0x00000002   Code   RO         5868    i.HAL_UART_RxCpltCallback  stm32g4xx_hal_uart.o
    0x08007882   0x08007882   0x00000002   Code   RO         5869    i.HAL_UART_RxHalfCpltCallback  stm32g4xx_hal_uart.o
    0x08007884   0x08007884   0x000000c2   Code   RO         5870    i.HAL_UART_Transmit  stm32g4xx_hal_uart.o
    0x08007946   0x08007946   0x00000002   PAD
    0x08007948   0x08007948   0x000000a0   Code   RO         5871    i.HAL_UART_Transmit_DMA  stm32g4xx_hal_uart.o
    0x080079e8   0x080079e8   0x00000002   Code   RO         5873    i.HAL_UART_TxCpltCallback  stm32g4xx_hal_uart.o
    0x080079ea   0x080079ea   0x00000002   Code   RO         5874    i.HAL_UART_TxHalfCpltCallback  stm32g4xx_hal_uart.o
    0x080079ec   0x080079ec   0x00000004   Code   RO          730    i.HardFault_Handler  stm32g4xx_it.o
    0x080079f0   0x080079f0   0x00000010   Code   RO          731    i.I2C3_EV_IRQHandler  stm32g4xx_it.o
    0x08007a00   0x08007a00   0x00000010   Code   RO         1216    i.LL_ADC_Enable     stm32g4xx_hal_adc.o
    0x08007a10   0x08007a10   0x0000000a   Code   RO         1217    i.LL_ADC_GetMultimode  stm32g4xx_hal_adc.o
    0x08007a1a   0x08007a1a   0x00000012   Code   RO         1218    i.LL_ADC_GetOffsetChannel  stm32g4xx_hal_adc.o
    0x08007a2c   0x08007a2c   0x00000012   Code   RO         1489    i.LL_ADC_GetOffsetChannel  stm32g4xx_hal_adc_ex.o
    0x08007a3e   0x08007a3e   0x0000000a   Code   RO         1490    i.LL_ADC_INJ_GetTrigAuto  stm32g4xx_hal_adc_ex.o
    0x08007a48   0x08007a48   0x0000000a   Code   RO         1219    i.LL_ADC_INJ_IsConversionOngoing  stm32g4xx_hal_adc.o
    0x08007a52   0x08007a52   0x0000000a   Code   RO         1491    i.LL_ADC_INJ_IsConversionOngoing  stm32g4xx_hal_adc_ex.o
    0x08007a5c   0x08007a5c   0x00000014   Code   RO         1492    i.LL_ADC_INJ_StartConversion  stm32g4xx_hal_adc_ex.o
    0x08007a70   0x08007a70   0x0000000a   Code   RO         1220    i.LL_ADC_IsDisableOngoing  stm32g4xx_hal_adc.o
    0x08007a7a   0x08007a7a   0x0000000a   Code   RO         1221    i.LL_ADC_IsEnabled  stm32g4xx_hal_adc.o
    0x08007a84   0x08007a84   0x0000000a   Code   RO         1493    i.LL_ADC_IsEnabled  stm32g4xx_hal_adc_ex.o
    0x08007a8e   0x08007a8e   0x0000000a   Code   RO         1222    i.LL_ADC_IsInternalRegulatorEnabled  stm32g4xx_hal_adc.o
    0x08007a98   0x08007a98   0x0000000a   Code   RO         1223    i.LL_ADC_REG_IsConversionOngoing  stm32g4xx_hal_adc.o
    0x08007aa2   0x08007aa2   0x0000000a   Code   RO         1494    i.LL_ADC_REG_IsConversionOngoing  stm32g4xx_hal_adc_ex.o
    0x08007aac   0x08007aac   0x00000012   Code   RO         1224    i.LL_ADC_REG_IsTriggerSourceSWStart  stm32g4xx_hal_adc.o
    0x08007abe   0x08007abe   0x00000028   Code   RO         1227    i.LL_ADC_SetChannelSamplingTime  stm32g4xx_hal_adc.o
    0x08007ae6   0x08007ae6   0x00000028   Code   RO         1495    i.LL_ADC_SetChannelSamplingTime  stm32g4xx_hal_adc_ex.o
    0x08007b0e   0x08007b0e   0x0000000c   Code   RO         1228    i.LL_ADC_SetCommonPathInternalCh  stm32g4xx_hal_adc.o
    0x08007b1a   0x08007b1a   0x0000000c   Code   RO         1496    i.LL_ADC_SetCommonPathInternalCh  stm32g4xx_hal_adc_ex.o
    0x08007b26   0x08007b26   0x00000016   Code   RO         1229    i.LL_ADC_SetOffsetState  stm32g4xx_hal_adc.o
    0x08007b3c   0x08007b3c   0x00000016   Code   RO         1497    i.LL_ADC_SetOffsetState  stm32g4xx_hal_adc_ex.o
    0x08007b52   0x08007b52   0x0000000c   Code   RO         1230    i.LL_ADC_SetSamplingTimeCommonConfig  stm32g4xx_hal_adc.o
    0x08007b5e   0x08007b5e   0x0000000c   Code   RO         1498    i.LL_ADC_SetSamplingTimeCommonConfig  stm32g4xx_hal_adc_ex.o
    0x08007b6a   0x08007b6a   0x00000002   PAD
    0x08007b6c   0x08007b6c   0x0000000c   Code   RO         3268    i.LL_EXTI_ClearFlag_0_31  stm32g4xx_hal_comp.o
    0x08007b78   0x08007b78   0x00000010   Code   RO         3269    i.LL_EXTI_DisableEvent_0_31  stm32g4xx_hal_comp.o
    0x08007b88   0x08007b88   0x00000010   Code   RO         3270    i.LL_EXTI_DisableIT_0_31  stm32g4xx_hal_comp.o
    0x08007b98   0x08007b98   0x00000110   Code   RO          318    i.MX_ADC1_Init      adc.o
    0x08007ca8   0x08007ca8   0x000000dc   Code   RO          319    i.MX_ADC2_Init      adc.o
    0x08007d84   0x08007d84   0x00000030   Code   RO          367    i.MX_COMP1_Init     comp.o
    0x08007db4   0x08007db4   0x00000058   Code   RO          409    i.MX_DAC1_Init      dac.o
    0x08007e0c   0x08007e0c   0x00000058   Code   RO          410    i.MX_DAC3_Init      dac.o
    0x08007e64   0x08007e64   0x000000a0   Code   RO          455    i.MX_DMA_Init       dma.o
    0x08007f04   0x08007f04   0x00000050   Code   RO          481    i.MX_FDCAN1_Init    fdcan.o
    0x08007f54   0x08007f54   0x00000184   Code   RO          292    i.MX_GPIO_Init      gpio.o
    0x080080d8   0x080080d8   0x00000058   Code   RO          523    i.MX_I2C3_Init      i2c.o
    0x08008130   0x08008130   0x00000030   Code   RO          565    i.MX_OPAMP1_Init    opamp.o
    0x08008160   0x08008160   0x00000030   Code   RO          566    i.MX_OPAMP2_Init    opamp.o
    0x08008190   0x08008190   0x00000030   Code   RO          567    i.MX_OPAMP3_Init    opamp.o
    0x080081c0   0x080081c0   0x00000158   Code   RO          620    i.MX_TIM1_Init      tim.o
    0x08008318   0x08008318   0x00000090   Code   RO          621    i.MX_TIM2_Init      tim.o
    0x080083a8   0x080083a8   0x0000006c   Code   RO          673    i.MX_UART4_Init     usart.o
    0x08008414   0x08008414   0x0000006c   Code   RO          674    i.MX_USART1_UART_Init  usart.o
    0x08008480   0x08008480   0x00000004   Code   RO          732    i.MemManage_Handler  stm32g4xx_it.o
    0x08008484   0x08008484   0x00000004   Code   RO          733    i.NMI_Handler       stm32g4xx_it.o
    0x08008488   0x08008488   0x000000a8   Code   RO         1159    i.PI_tune           pi_tune.o
    0x08008530   0x08008530   0x00000002   Code   RO          734    i.PendSV_Handler    stm32g4xx_it.o
    0x08008532   0x08008532   0x00000002   PAD
    0x08008534   0x08008534   0x00000068   Code   RO         1965    i.RCC_GetSysClockFreqFromPLLSource  stm32g4xx_hal_rcc.o
    0x0800859c   0x0800859c   0x00000002   Code   RO          735    i.SVC_Handler       stm32g4xx_it.o
    0x0800859e   0x0800859e   0x00000008   Code   RO          736    i.SysTick_Handler   stm32g4xx_it.o
    0x080085a6   0x080085a6   0x00000066   Code   RO           18    i.SystemClock_Config  main.o
    0x0800860c   0x0800860c   0x00000014   Code   RO         6381    i.SystemInit        system_stm32g4xx.o
    0x08008620   0x08008620   0x00000010   Code   RO          737    i.TIM2_IRQHandler   stm32g4xx_it.o
    0x08008630   0x08008630   0x000000cc   Code   RO         4771    i.TIM_Base_SetConfig  stm32g4xx_hal_tim.o
    0x080086fc   0x080086fc   0x00000022   Code   RO         4772    i.TIM_CCxChannelCmd  stm32g4xx_hal_tim.o
    0x0800871e   0x0800871e   0x00000022   Code   RO         5469    i.TIM_CCxNChannelCmd  stm32g4xx_hal_tim_ex.o
    0x08008740   0x08008740   0x00000016   Code   RO         4782    i.TIM_ETR_SetConfig  stm32g4xx_hal_tim.o
    0x08008756   0x08008756   0x00000002   PAD
    0x08008758   0x08008758   0x00000018   Code   RO         4783    i.TIM_ITRx_SetConfig  stm32g4xx_hal_tim.o
    0x08008770   0x08008770   0x000000ac   Code   RO         4784    i.TIM_OC1_SetConfig  stm32g4xx_hal_tim.o
    0x0800881c   0x0800881c   0x000000b4   Code   RO         4785    i.TIM_OC2_SetConfig  stm32g4xx_hal_tim.o
    0x080088d0   0x080088d0   0x000000b4   Code   RO         4786    i.TIM_OC3_SetConfig  stm32g4xx_hal_tim.o
    0x08008984   0x08008984   0x000000b4   Code   RO         4787    i.TIM_OC4_SetConfig  stm32g4xx_hal_tim.o
    0x08008a38   0x08008a38   0x00000070   Code   RO         4788    i.TIM_OC5_SetConfig  stm32g4xx_hal_tim.o
    0x08008aa8   0x08008aa8   0x00000070   Code   RO         4789    i.TIM_OC6_SetConfig  stm32g4xx_hal_tim.o
    0x08008b18   0x08008b18   0x00000026   Code   RO         4791    i.TIM_TI1_ConfigInputStage  stm32g4xx_hal_tim.o
    0x08008b3e   0x08008b3e   0x00000002   PAD
    0x08008b40   0x08008b40   0x0000007c   Code   RO         4792    i.TIM_TI1_SetConfig  stm32g4xx_hal_tim.o
    0x08008bbc   0x08008bbc   0x00000028   Code   RO         4793    i.TIM_TI2_ConfigInputStage  stm32g4xx_hal_tim.o
    0x08008be4   0x08008be4   0x00000010   Code   RO          738    i.UART4_IRQHandler  stm32g4xx_it.o
    0x08008bf4   0x08008bf4   0x00000058   Code   RO         6271    i.UARTEx_SetNbDataToProcess  stm32g4xx_hal_uart_ex.o
    0x08008c4c   0x08008c4c   0x000000f8   Code   RO         5875    i.UART_AdvFeatureConfig  stm32g4xx_hal_uart.o
    0x08008d44   0x08008d44   0x000000ea   Code   RO         5876    i.UART_CheckIdleState  stm32g4xx_hal_uart.o
    0x08008e2e   0x08008e2e   0x00000018   Code   RO         5877    i.UART_DMAAbortOnError  stm32g4xx_hal_uart.o
    0x08008e46   0x08008e46   0x0000005e   Code   RO         5878    i.UART_DMAError     stm32g4xx_hal_uart.o
    0x08008ea4   0x08008ea4   0x000000b4   Code   RO         5879    i.UART_DMAReceiveCplt  stm32g4xx_hal_uart.o
    0x08008f58   0x08008f58   0x00000026   Code   RO         5881    i.UART_DMARxHalfCplt  stm32g4xx_hal_uart.o
    0x08008f7e   0x08008f7e   0x00000056   Code   RO         5883    i.UART_DMATransmitCplt  stm32g4xx_hal_uart.o
    0x08008fd4   0x08008fd4   0x0000000e   Code   RO         5885    i.UART_DMATxHalfCplt  stm32g4xx_hal_uart.o
    0x08008fe2   0x08008fe2   0x00000002   PAD
    0x08008fe4   0x08008fe4   0x0000006c   Code   RO         5887    i.UART_EndRxTransfer  stm32g4xx_hal_uart.o
    0x08009050   0x08009050   0x00000030   Code   RO         5888    i.UART_EndTransmit_IT  stm32g4xx_hal_uart.o
    0x08009080   0x08009080   0x00000040   Code   RO         5889    i.UART_EndTxTransfer  stm32g4xx_hal_uart.o
    0x080090c0   0x080090c0   0x00000384   Code   RO         5894    i.UART_SetConfig    stm32g4xx_hal_uart.o
    0x08009444   0x08009444   0x000000c8   Code   RO         5895    i.UART_Start_Receive_DMA  stm32g4xx_hal_uart.o
    0x0800950c   0x0800950c   0x000000ac   Code   RO         5901    i.UART_WaitOnFlagUntilTimeout  stm32g4xx_hal_uart.o
    0x080095b8   0x080095b8   0x00000010   Code   RO          739    i.USART1_IRQHandler  stm32g4xx_it.o
    0x080095c8   0x080095c8   0x00000004   Code   RO          740    i.UsageFault_Handler  stm32g4xx_it.o
    0x080095cc   0x080095cc   0x00000010   Code   RO         3134    i.__NVIC_GetPriorityGrouping  stm32g4xx_hal_cortex.o
    0x080095dc   0x080095dc   0x00000028   Code   RO         3135    i.__NVIC_SetPriority  stm32g4xx_hal_cortex.o
    0x08009604   0x08009604   0x00000004   PAD
    0x08009608   0x08009608   0x000000f8   Code   RO         6605    i.__hardfp___mathlib_tofloat  m_wm.l(narrow.o)
    0x08009700   0x08009700   0x00000070   Code   RO         6460    i.__hardfp_floorf   m_wm.l(floorf.o)
    0x08009770   0x08009770   0x00000048   Code   RO         6478    i.__hardfp_fmaxf    m_wm.l(fmaxf.o)
    0x080097b8   0x080097b8   0x00000048   Code   RO         6482    i.__hardfp_fminf    m_wm.l(fminf.o)
    0x08009800   0x08009800   0x000000b0   Code   RO         6466    i.__hardfp_fmodf    m_wm.l(fmodf.o)
    0x080098b0   0x080098b0   0x000000d0   Code   RO         6708    i.__hardfp_ldexp    m_wm.l(ldexp.o)
    0x08009980   0x08009980   0x00000020   Code   RO         6747    i.__mathlib_dbl_overflow  m_wm.l(dunder.o)
    0x080099a0   0x080099a0   0x00000020   Code   RO         6749    i.__mathlib_dbl_underflow  m_wm.l(dunder.o)
    0x080099c0   0x080099c0   0x00000010   Code   RO         6521    i.__mathlib_flt_invalid  m_wm.l(funder.o)
    0x080099d0   0x080099d0   0x00000012   Code   RO         6606    i.__mathlib_narrow  m_wm.l(narrow.o)
    0x080099e2   0x080099e2   0x00000014   Code   RO         6710    i.__support_ldexp   m_wm.l(ldexp.o)
    0x080099f6   0x080099f6   0x0000000e   Code   RO         6495    i._is_digit         c_w.l(scanf_fp.o)
    0x08009a04   0x08009a04   0x000007d8   Code   RO          899    i.currloop          decoder_foc.o
    0x0800a1dc   0x0800a1dc   0x0000001c   Code   RO          900    i.currloop_Init     decoder_foc.o
    0x0800a1f8   0x0800a1f8   0x0000008c   Code   RO         6685    i.frexp             m_wm.l(frexp.o)
    0x0800a284   0x0800a284   0x00000128   Code   RO           20    i.main              main.o
    0x0800a3ac   0x0800a3ac   0x00000028   Code   RO          901    i.rate_scheduler    decoder_foc.o
    0x0800a3d4   0x0800a3d4   0x00000030   Code   RO          905    i.rtIsInfF          decoder_foc.o
    0x0800a404   0x0800a404   0x00000018   Code   RO          907    i.rtIsNaNF          decoder_foc.o
    0x0800a41c   0x0800a41c   0x0000016c   Code   RO          908    i.rt_modf_snf       decoder_foc.o
    0x0800a588   0x0800a588   0x0000002c   Code   RO         6589    locale$$code        c_w.l(lc_numeric_c.o)
    0x0800a5b4   0x0800a5b4   0x0000002c   Code   RO         6698    locale$$code        c_w.l(lc_ctype_c.o)
    0x0800a5e0   0x0800a5e0   0x00000062   Code   RO         6430    x$fpl$d2f           fz_wm.l(d2f.o)
    0x0800a642   0x0800a642   0x00000002   PAD
    0x0800a644   0x0800a644   0x00000150   Code   RO         6432    x$fpl$dadd          fz_wm.l(daddsub_clz.o)
    0x0800a794   0x0800a794   0x00000010   Code   RO         6776    x$fpl$dcheck1       fz_wm.l(dcheck1.o)
    0x0800a7a4   0x0800a7a4   0x00000018   Code   RO         6501    x$fpl$dcmpinf       fz_wm.l(dcmpi.o)
    0x0800a7bc   0x0800a7bc   0x00000078   Code   RO         6438    x$fpl$deqf          fz_wm.l(deqf.o)
    0x0800a834   0x0800a834   0x0000005a   Code   RO         6440    x$fpl$dfixu         fz_wm.l(dfixu.o)
    0x0800a88e   0x0800a88e   0x00000026   Code   RO         6444    x$fpl$dfltu         fz_wm.l(dflt_clz.o)
    0x0800a8b4   0x0800a8b4   0x00000078   Code   RO         6450    x$fpl$dleqf         fz_wm.l(dleqf.o)
    0x0800a92c   0x0800a92c   0x00000154   Code   RO         6452    x$fpl$dmul          fz_wm.l(dmul.o)
    0x0800aa80   0x0800aa80   0x0000009c   Code   RO         6503    x$fpl$dnaninf       fz_wm.l(dnaninf.o)
    0x0800ab1c   0x0800ab1c   0x0000000c   Code   RO         6505    x$fpl$dretinf       fz_wm.l(dretinf.o)
    0x0800ab28   0x0800ab28   0x0000006c   Code   RO         6454    x$fpl$drleqf        fz_wm.l(drleqf.o)
    0x0800ab94   0x0800ab94   0x000001d4   Code   RO         6434    x$fpl$dsub          fz_wm.l(daddsub_clz.o)
    0x0800ad68   0x0800ad68   0x00000056   Code   RO         6456    x$fpl$f2d           fz_wm.l(f2d.o)
    0x0800adbe   0x0800adbe   0x00000002   PAD
    0x0800adc0   0x0800adc0   0x00000052   Code   RO         6507    x$fpl$fcmp4         fz_wm.l(fcmp4.o)
    0x0800ae12   0x0800ae12   0x00000018   Code   RO         6591    x$fpl$fcmpinf       fz_wm.l(fcmpi.o)
    0x0800ae2a   0x0800ae2a   0x0000008c   Code   RO         6511    x$fpl$fnaninf       fz_wm.l(fnaninf.o)
    0x0800aeb6   0x0800aeb6   0x0000000a   Code   RO         6706    x$fpl$fpinit        fz_wm.l(fpinit.o)
    0x0800aec0   0x0800aec0   0x000000f4   Code   RO         6513    x$fpl$frem          fz_wm.l(frem_clz.o)
    0x0800afb4   0x0800afb4   0x0000000a   Code   RO         6515    x$fpl$fretinf       fz_wm.l(fretinf.o)
    0x0800afbe   0x0800afbe   0x00000006   Code   RO         6597    x$fpl$ieeestatus    fz_wm.l(istatus.o)
    0x0800afc4   0x0800afc4   0x00000064   Code   RO         6816    x$fpl$retnan        fz_wm.l(retnan.o)
    0x0800b028   0x0800b028   0x0000005c   Code   RO         6741    x$fpl$scalbn        fz_wm.l(scalbn.o)
    0x0800b084   0x0800b084   0x00000004   Code   RO         6458    x$fpl$scanf1        fz_wm.l(scanf1.o)
    0x0800b088   0x0800b088   0x00000008   Code   RO         6599    x$fpl$scanf2        fz_wm.l(scanf2.o)
    0x0800b090   0x0800b090   0x00000030   Code   RO         6818    x$fpl$trapveneer    fz_wm.l(trapv.o)
    0x0800b0c0   0x0800b0c0   0x00000000   Code   RO         6517    x$fpl$usenofp       fz_wm.l(usenofp.o)
    0x0800b0c0   0x0800b0c0   0x00000004   Data   RO          910    .constdata          decoder_foc.o
    0x0800b0c4   0x0800b0c4   0x00000fa8   Data   RO         1006    .constdata          decoder_foc_data.o
    0x0800c06c   0x0800c06c   0x00000018   Data   RO         5902    .constdata          stm32g4xx_hal_uart.o
    0x0800c084   0x0800c084   0x00000010   Data   RO         6273    .constdata          stm32g4xx_hal_uart_ex.o
    0x0800c094   0x0800c094   0x00000018   Data   RO         6382    .constdata          system_stm32g4xx.o
    0x0800c0ac   0x0800c0ac   0x00000094   Data   RO         6564    .constdata          c_w.l(bigflt0.o)
    0x0800c140   0x0800c140   0x00000020   Data   RO         6820    Region$$Table       anon$$obj.o
    0x0800c160   0x0800c160   0x00000008   Data   RO         6593    c$$dinf             fz_wm.l(fpconst.o)
    0x0800c168   0x0800c168   0x00000008   Data   RO         6596    c$$dmax             fz_wm.l(fpconst.o)
    0x0800c170   0x0800c170   0x0000001c   Data   RO         6588    locale$$data        c_w.l(lc_numeric_c.o)
    0x0800c18c   0x0800c18c   0x00000110   Data   RO         6697    locale$$data        c_w.l(lc_ctype_c.o)


    Execution Region RW_IRAM1 (Exec base: 0x20000000, Load base: 0x0800c29c, Size: 0x00000f60, Max: 0x00008000, ABSOLUTE)

    Exec Addr    Load Addr    Size         Type   Attr      Idx    E Section Name        Object

    0x20000000   0x0800c29c   0x0000005d   Data   RW           22    .data               main.o
    0x2000005d   0x0800c2f9   0x00000003   PAD
    0x20000060   0x0800c2fc   0x00000004   Data   RW          321    .data               adc.o
    0x20000064   0x0800c300   0x00000004   PAD
    0x20000068   0x0800c304   0x00000044   Data   RW          911    .data               decoder_foc.o
    0x200000ac   0x0800c348   0x0000000c   Data   RW         1736    .data               stm32g4xx_hal.o
    0x200000b8   0x0800c354   0x00000004   Data   RW         6383    .data               system_stm32g4xx.o
    0x200000bc        -       0x00000078   Zero   RW           21    .bss                main.o
    0x20000134        -       0x000000d8   Zero   RW          320    .bss                adc.o
    0x2000020c        -       0x00000024   Zero   RW          368    .bss                comp.o
    0x20000230        -       0x00000028   Zero   RW          411    .bss                dac.o
    0x20000258        -       0x00000064   Zero   RW          482    .bss                fdcan.o
    0x200002bc        -       0x00000114   Zero   RW          524    .bss                i2c.o
    0x200003d0        -       0x000000b4   Zero   RW          568    .bss                opamp.o
    0x20000484        -       0x00000098   Zero   RW          622    .bss                tim.o
    0x2000051c        -       0x000002a8   Zero   RW          675    .bss                usart.o
    0x200007c4   0x0800c358   0x00000004   PAD
    0x200007c8        -       0x000000a4   Zero   RW          909    .bss                decoder_foc.o
    0x2000086c        -       0x00000090   Zero   RW         1023    .bss                decoder0.o
    0x200008fc        -       0x00000060   Zero   RW         6614    .bss                c_w.l(libspace.o)
    0x2000095c   0x0800c358   0x00000004   PAD
    0x20000960        -       0x00000200   Zero   RW            2    HEAP                startup_stm32g431xx.o
    0x20000b60        -       0x00000400   Zero   RW            1    STACK               startup_stm32g431xx.o


==============================================================================

Image component sizes


      Code (inc. data)   RO Data    RW Data    ZI Data      Debug   Object Name

       916         60          0          4        216       3106   adc.o
       136         22          0          0         36       1692   comp.o
       328         28          0          0         40       2458   dac.o
       304         26          0          0        144       2399   decoder0.o
      3344        188          4         68        164      28766   decoder_foc.o
         0          0       4008          0          0       2590   decoder_foc_data.o
       160          6          0          0          0        870   dma.o
       224         18          0          0        100       1823   fdcan.o
       388         16          0          0          0       1143   gpio.o
       376         40          0          0        276       1975   i2c.o
      1726        270          0         93        120     736628   main.o
       356         38          0          0        180       2949   opamp.o
       168         14          0          0          0       3262   pi_tune.o
        64         26        472          0       1536        860   startup_stm32g431xx.o
       154         28          0         12          0       3781   stm32g4xx_hal.o
      3260        114          0          0          0      83041   stm32g4xx_hal_adc.o
      2808        100          0          0          0      81458   stm32g4xx_hal_adc_ex.o
       460         36          0          0          0       7472   stm32g4xx_hal_comp.o
       310         22          0          0          0      34463   stm32g4xx_hal_cortex.o
       648         10          0          0          0       2643   stm32g4xx_hal_dac.o
      1090         22          0          0          0       6458   stm32g4xx_hal_dma.o
       644         16          0          0          0       4161   stm32g4xx_hal_fdcan.o
       498         36          0          0          0       2759   stm32g4xx_hal_gpio.o
       244          4          0          0          0       3523   stm32g4xx_hal_i2c.o
       210          0          0          0          0       2007   stm32g4xx_hal_i2c_ex.o
        68          6          0          0          0        890   stm32g4xx_hal_msp.o
       394         10          0          0          0       2459   stm32g4xx_hal_opamp.o
       300         18          0          0          0       1445   stm32g4xx_hal_pwr_ex.o
      2260        106          0          0          0       7380   stm32g4xx_hal_rcc.o
       880          8          0          0          0       1912   stm32g4xx_hal_rcc_ex.o
      3780        304          0          0          0      21547   stm32g4xx_hal_tim.o
      1274         74          0          0          0      11765   stm32g4xx_hal_tim_ex.o
      3826        104         24          0          0      38642   stm32g4xx_hal_uart.o
       458         10         16          0          0       6513   stm32g4xx_hal_uart_ex.o
       244         68          0          0          0      11142   stm32g4xx_it.o
        20          6         24          4          0       1183   system_stm32g4xx.o
       896         44          0          0        152       3725   tim.o
       764         60          0          0        680       2951   usart.o

    ----------------------------------------------------------------------
     34020       1962       4580        188       3648    1133841   Object Totals
         0          0         32          0          0          0   (incl. Generated)
        40          4          0          7          4          0   (incl. Padding)

    ----------------------------------------------------------------------

      Code (inc. data)   RO Data    RW Data    ZI Data      Debug   Library Member Name

        60          8          0          0          0         84   __0sscanf.o
         8          0          0          0          0         68   __main.o
         0          0          0          0          0          0   __rtentry.o
        12          0          0          0          0          0   __rtentry2.o
         6          0          0          0          0          0   __rtentry4.o
        52          8          0          0          0          0   __scatter.o
        26          0          0          0          0          0   __scatter_copy.o
        28          0          0          0          0          0   __scatter_zi.o
        28          0          0          0          0         68   _chval.o
        22          0          0          0          0        100   _rserrno.o
       884          4          0          0          0        100   _scanf.o
        64          0          0          0          0         84   _sgetc.o
       228          4        148          0          0         96   bigflt0.o
      1924        136          0          0          0        756   btod.o
        18          0          0          0          0         80   exit.o
         6          0          0          0          0        152   heapauxi.o
         0          0          0          0          0          0   indicate_semi.o
        18          0          0          0          0         76   isspace.o
        44         10        272          0          0         76   lc_ctype_c.o
        44         10         28          0          0         76   lc_numeric_c.o
         2          0          0          0          0          0   libinit.o
        34          0          0          0          0          0   libinit2.o
         2          0          0          0          0          0   libshutdown.o
         2          0          0          0          0          0   libshutdown2.o
         8          4          0          0         96         68   libspace.o
        38          0          0          0          0         68   llshl.o
       238          0          0          0          0        100   lludivv7m.o
        16          4          0          0          0         76   rt_ctype_table.o
         8          4          0          0          0         68   rt_errno_addr_intlibspace.o
         8          4          0          0          0         68   rt_locale_intlibspace.o
        78          0          0          0          0         80   rt_memclr_w.o
       138          0          0          0          0         68   rt_memcpy_v6.o
       100          0          0          0          0         80   rt_memcpy_w.o
         2          0          0          0          0          0   rtexit.o
        10          0          0          0          0          0   rtexit2.o
        44          8          0          0          0         84   scanf_char.o
      1286         16          0          0          0        236   scanf_fp.o
       800         14          0          0          0        100   scanf_hexfp.o
       308         16          0          0          0        100   scanf_infnan.o
       128          0          0          0          0         68   strcmpv7m.o
        12          4          0          0          0         68   sys_exit.o
        74          0          0          0          0         80   sys_stackheap_outer.o
         2          0          0          0          0         68   use_no_semi.o
        98          4          0          0          0        140   d2f.o
       804         16          0          0          0        368   daddsub_clz.o
        16          4          0          0          0        116   dcheck1.o
        24          0          0          0          0        116   dcmpi.o
       120          4          0          0          0        140   deqf.o
        90          4          0          0          0        140   dfixu.o
        38          0          0          0          0        116   dflt_clz.o
       120          4          0          0          0        140   dleqf.o
       340         12          0          0          0        152   dmul.o
       156          4          0          0          0        140   dnaninf.o
        12          0          0          0          0        116   dretinf.o
       108          0          0          0          0        128   drleqf.o
        86          4          0          0          0        132   f2d.o
        82          4          0          0          0        160   fcmp4.o
        24          0          0          0          0        116   fcmpi.o
       140          4          0          0          0        132   fnaninf.o
         0          0         16          0          0          0   fpconst.o
        10          0          0          0          0        116   fpinit.o
       244          8          0          0          0        132   frem_clz.o
        10          0          0          0          0        116   fretinf.o
         6          0          0          0          0        116   istatus.o
       100          0          0          0          0        116   retnan.o
        92          0          0          0          0        116   scalbn.o
         4          0          0          0          0        116   scanf1.o
         8          0          0          0          0        132   scanf2.o
        48          0          0          0          0        116   trapv.o
         0          0          0          0          0          0   usenofp.o
        64         16          0          0          0        248   dunder.o
       112         14          0          0          0        116   floorf.o
        72          0          0          0          0        148   fmaxf.o
        72          0          0          0          0        148   fminf.o
       176          0          0          0          0        168   fmodf.o
       140         22          0          0          0        132   frexp.o
        16          6          0          0          0        116   funder.o
       228          8          0          0          0        308   ldexp.o
       266         16          0          0          0        308   narrow.o

    ----------------------------------------------------------------------
     10756        410        464          0        100       8416   Library Totals
        20          2          0          0          4          0   (incl. Padding)

    ----------------------------------------------------------------------

      Code (inc. data)   RO Data    RW Data    ZI Data      Debug   Library Name

      6810        254        448          0         96       3296   c_w.l
      2780         72         16          0          0       3428   fz_wm.l
      1146         82          0          0          0       1692   m_wm.l

    ----------------------------------------------------------------------
     10756        410        464          0        100       8416   Library Totals

    ----------------------------------------------------------------------

==============================================================================


      Code (inc. data)   RO Data    RW Data    ZI Data      Debug   

     44776       2372       5044        188       3748    1114989   Grand Totals
     44776       2372       5044        188       3748    1114989   ELF Image Totals
     44776       2372       5044        188          0          0   ROM Totals

==============================================================================

    Total RO  Size (Code + RO Data)                49820 (  48.65kB)
    Total RW  Size (RW Data + ZI Data)              3936 (   3.84kB)
    Total ROM Size (Code + RO Data + RW Data)      50008 (  48.84kB)

==============================================================================

